 Quadrature_Phase_Shift_Keying_cgxe

 Timestamp is 65f7197b (Sun Mar 17 21:55:31 2024)

 Preferred load address is 0000000180000000

 Start         Length     Name                   Class
 0001:00000000 000160e0H .text$mn                CODE
 0001:000160e0 00000036H .text$mn$00             CODE
 0001:00016116 00000092H .text$x                 CODE
 0002:00000000 00000348H .idata$5                DATA
 0002:00000348 00000028H .00cfg                  DATA
 0002:00000370 00000008H .CRT$XCA                DATA
 0002:00000378 00000008H .CRT$XCZ                DATA
 0002:00000380 00000008H .CRT$XIA                DATA
 0002:00000388 00000008H .CRT$XIZ                DATA
 0002:00000390 00000008H .CRT$XPA                DATA
 0002:00000398 00000008H .CRT$XPZ                DATA
 0002:000003a0 00000008H .CRT$XTA                DATA
 0002:000003a8 00000008H .CRT$XTZ                DATA
 0002:000003b0 00000000H .gehcont$y              DATA
 0002:000003b0 00000000H .gfids$y                DATA
 0002:000003b0 000005d0H .rdata                  DATA
 0002:00000980 00000008H .rdata$CastGuardVftablesA DATA
 0002:00000988 00000008H .rdata$CastGuardVftablesC DATA
 0002:00000990 00000138H .rdata$voltmd           DATA
 0002:00000ac8 00000278H .rdata$zzzdbg           DATA
 0002:00000d40 00000008H .rtc$IAA                DATA
 0002:00000d48 00000008H .rtc$IZZ                DATA
 0002:00000d50 00000008H .rtc$TAA                DATA
 0002:00000d58 00000008H .rtc$TZZ                DATA
 0002:00000d60 00000a20H .xdata                  DATA
 0002:00001780 0000008cH .edata                  DATA
 0002:0000180c 000000f0H .idata$2                DATA
 0002:000018fc 00000014H .idata$3                DATA
 0002:00001910 00000348H .idata$4                DATA
 0002:00001c58 0000089aH .idata$6                DATA
 0003:00000000 0000a890H .data                   DATA
 0003:0000a890 00000640H .bss                    DATA
 0004:00000000 00000bc4H .pdata                  DATA

  Address         Publics by Value              Rva+Base               Lib:Object

 0000:00000000       __guard_fids_table         0000000000000000     <absolute>
 0000:00000000       __x64_code_ranges_to_entry_points_count 0000000000000000     <absolute>
 0000:00000000       __hybrid_auxiliary_iat     0000000000000000     <absolute>
 0000:00000000       __guard_fids_count         0000000000000000     <absolute>
 0000:00000000       __x64_code_ranges_to_entry_points 0000000000000000     <absolute>
 0000:00000000       __arm64x_extra_rfe_table   0000000000000000     <absolute>
 0000:00000000       __dynamic_value_reloc_table 0000000000000000     <absolute>
 0000:00000000       __hybrid_code_map          0000000000000000     <absolute>
 0000:00000000       __guard_longjmp_count      0000000000000000     <absolute>
 0000:00000000       __AbsoluteZero             0000000000000000     <absolute>
 0000:00000000       __arm64x_extra_rfe_table_size 0000000000000000     <absolute>
 0000:00000000       ___safe_se_handler_table   0000000000000000     <absolute>
 0000:00000000       __hybrid_code_map_count    0000000000000000     <absolute>
 0000:00000000       __guard_longjmp_table      0000000000000000     <absolute>
 0000:00000000       ___safe_se_handler_count   0000000000000000     <absolute>
 0000:00000000       __guard_iat_count          0000000000000000     <absolute>
 0000:00000000       __guard_check_icall_a64n_fptr 0000000000000000     <absolute>
 0000:00000000       __hybrid_auxiliary_iat_copy 0000000000000000     <absolute>
 0000:00000000       __guard_eh_cont_count      0000000000000000     <absolute>
 0000:00000000       __arm64x_redirection_metadata 0000000000000000     <absolute>
 0000:00000000       __guard_iat_table          0000000000000000     <absolute>
 0000:00000000       __arm64x_redirection_metadata_count 0000000000000000     <absolute>
 0000:00000000       __arm64x_native_entrypoint 0000000000000000     <absolute>
 0000:00000000       __enclave_config           0000000000000000     <absolute>
 0000:00000000       __guard_eh_cont_table      0000000000000000     <absolute>
 0000:00000100       __guard_flags              0000000000000100     <absolute>
 0000:00000000       __ImageBase                0000000180000000     <linker-defined>
 0001:00000000       mexfilerequiredapiversion  0000000180001000 f   c_mexapi_version.obj
 0001:00000030       cgxe_Quadrature_Phase_Shift_Keying_method_dispatcher 0000000180001030 f   Quadrature_Phase_Shift_Keying_cgxe.obj
 0001:00000180       method_dispatcher_Jf2lRQWLrP2B1g4UrAzlsF 0000000180001180 f   m_Jf2lRQWLrP2B1g4UrAzlsF.obj
 0001:00005670       cgxe_Jf2lRQWLrP2B1g4UrAzlsF_BuildInfoUpdate 0000000180006670 f   m_Jf2lRQWLrP2B1g4UrAzlsF.obj
 0001:00005910       cgxe_Jf2lRQWLrP2B1g4UrAzlsF_fallback_info 0000000180006910 f   m_Jf2lRQWLrP2B1g4UrAzlsF.obj
 0001:000059f0       method_dispatcher_UGsKOob1SZ1GnhcskvCSLB 00000001800069f0 f   m_UGsKOob1SZ1GnhcskvCSLB.obj
 0001:0000ba20       cgxe_UGsKOob1SZ1GnhcskvCSLB_BuildInfoUpdate 000000018000ca20 f   m_UGsKOob1SZ1GnhcskvCSLB.obj
 0001:0000bcc0       cgxe_UGsKOob1SZ1GnhcskvCSLB_fallback_info 000000018000ccc0 f   m_UGsKOob1SZ1GnhcskvCSLB.obj
 0001:0000bd60       mexFunction                000000018000cd60 f   Quadrature_Phase_Shift_Keying_cgxe_registry.obj
 0001:0000dbd0       _ssSetInputPortDirectFeedThroughFcn 000000018000ebd0 f   Quadrature_Phase_Shift_Keying_cgxe_registry.obj
 0001:0000dd40       _ssSetRWorkValueFcn        000000018000ed40 f   Quadrature_Phase_Shift_Keying_cgxe_registry.obj
 0001:0000ddc0       _ssGetRWorkValueFcn        000000018000edc0 f   Quadrature_Phase_Shift_Keying_cgxe_registry.obj
 0001:0000de30       _ssSetIWorkValueFcn        000000018000ee30 f   Quadrature_Phase_Shift_Keying_cgxe_registry.obj
 0001:0000deb0       _ssGetIWorkValueFcn        000000018000eeb0 f   Quadrature_Phase_Shift_Keying_cgxe_registry.obj
 0001:0000df20       _ssSetPWorkValueFcn        000000018000ef20 f   Quadrature_Phase_Shift_Keying_cgxe_registry.obj
 0001:0000dfa0       _ssGetPWorkValueFcn        000000018000efa0 f   Quadrature_Phase_Shift_Keying_cgxe_registry.obj
 0001:0000e010       _ssGetInputPortSignalFcn   000000018000f010 f   Quadrature_Phase_Shift_Keying_cgxe_registry.obj
 0001:0000e3a0       _ssGetInputPortBufferDstPortFcn 000000018000f3a0 f   Quadrature_Phase_Shift_Keying_cgxe_registry.obj
 0001:0000e420       _ssGetInputPortSignalPtrsFcn 000000018000f420 f   Quadrature_Phase_Shift_Keying_cgxe_registry.obj
 0001:0000e7b0       ssGetParameterTuningCompliance 000000018000f7b0 f   Quadrature_Phase_Shift_Keying_cgxe_registry.obj
 0001:0000e820       _ssReadInputStringFcn      000000018000f820 f   Quadrature_Phase_Shift_Keying_cgxe_registry.obj
 0001:0000e890       ssGetDTypeIdFromMxArray    000000018000f890 f   Quadrature_Phase_Shift_Keying_cgxe_registry.obj
 0001:0000e9b0       ssWriteRTWMx2dMatParam     000000018000f9b0 f   Quadrature_Phase_Shift_Keying_cgxe_registry.obj
 0001:0000ea40       ssWriteRTWMxVectParam      000000018000fa40 f   Quadrature_Phase_Shift_Keying_cgxe_registry.obj
 0001:0000eac0       ssWriteRTWParameters       000000018000fac0 f   Quadrature_Phase_Shift_Keying_cgxe_registry.obj
 0001:0000f080       ssWriteRTWParamSettings    0000000180010080 f   Quadrature_Phase_Shift_Keying_cgxe_registry.obj
 0001:0000f770       ssWriteRTWStr              0000000180010770 f   Quadrature_Phase_Shift_Keying_cgxe_registry.obj
 0001:0000f7d0       ssWriteRTWWorkVect         00000001800107d0 f   Quadrature_Phase_Shift_Keying_cgxe_registry.obj
 0001:0000fd30       ssWarning                  0000000180010d30 f   Quadrature_Phase_Shift_Keying_cgxe_registry.obj
 0001:0000fe20       ssGetRootSS                0000000180010e20 f   Quadrature_Phase_Shift_Keying_cgxe_registry.obj
 0001:0000fee0       ssGetParentSS              0000000180010ee0 f   Quadrature_Phase_Shift_Keying_cgxe_registry.obj
 0001:0000ffa0       ssWriteRTWNameValuePair    0000000180010fa0 f   Quadrature_Phase_Shift_Keying_cgxe_registry.obj
 0001:000104a0       _ssSetInputPortMatrixDimensions 00000001800114a0 f   Quadrature_Phase_Shift_Keying_cgxe_registry.obj
 0001:000105f0       _ssSetOutputPortMatrixDimensions 00000001800115f0 f   Quadrature_Phase_Shift_Keying_cgxe_registry.obj
 0001:00010740       _ssSetInputPortVectorDimension 0000000180011740 f   Quadrature_Phase_Shift_Keying_cgxe_registry.obj
 0001:000107f0       _ssSetOutputPortVectorDimension 00000001800117f0 f   Quadrature_Phase_Shift_Keying_cgxe_registry.obj
 0001:000108a0       ssIsRunTimeParamTunable    00000001800118a0 f   Quadrature_Phase_Shift_Keying_cgxe_registry.obj
 0001:00010910       ssGetSFuncBlockHandle      0000000180011910 f   Quadrature_Phase_Shift_Keying_cgxe_registry.obj
 0001:00010980       _ssGetCallSystemNumFcnCallDestinations 0000000180011980 f   Quadrature_Phase_Shift_Keying_cgxe_registry.obj
 0001:000109f0       _ssGetCurrentInputPortWidth 00000001800119f0 f   Quadrature_Phase_Shift_Keying_cgxe_registry.obj
 0001:00010b30       _ssGetCurrentOutputPortWidth 0000000180011b30 f   Quadrature_Phase_Shift_Keying_cgxe_registry.obj
 0001:00010c70       ssGetIsZeroCrossControlDisabled 0000000180011c70 f   Quadrature_Phase_Shift_Keying_cgxe_registry.obj
 0001:00010ce0       ssSetIsInputPortUsedForContZcSignal 0000000180011ce0 f   Quadrature_Phase_Shift_Keying_cgxe_registry.obj
 0001:00010d50       ssSetZcSignalIsZcElementDisc 0000000180011d50 f   Quadrature_Phase_Shift_Keying_cgxe_registry.obj
 0001:00010e00       ssSetZcSignalName          0000000180011e00 f   Quadrature_Phase_Shift_Keying_cgxe_registry.obj
 0001:00010e70       ssSetZcSignalWidth         0000000180011e70 f   Quadrature_Phase_Shift_Keying_cgxe_registry.obj
 0001:00010ee0       ssSetZcSignalZcEventType   0000000180011ee0 f   Quadrature_Phase_Shift_Keying_cgxe_registry.obj
 0001:00010f50       ssSetZcSignalType          0000000180011f50 f   Quadrature_Phase_Shift_Keying_cgxe_registry.obj
 0001:00010fc0       ssSetZcSignalZcTol         0000000180011fc0 f   Quadrature_Phase_Shift_Keying_cgxe_registry.obj
 0001:00011030       ssSetZcSignalNeedsEventNotification 0000000180012030 f   Quadrature_Phase_Shift_Keying_cgxe_registry.obj
 0001:000110a0       ssCreateAndAddZcSignalInfo 00000001800120a0 f   Quadrature_Phase_Shift_Keying_cgxe_registry.obj
 0001:00011110       ssCloneAndAddZcSignalInfo  0000000180012110 f   Quadrature_Phase_Shift_Keying_cgxe_registry.obj
 0001:00011180       ssGetNumZcSignals          0000000180012180 f   Quadrature_Phase_Shift_Keying_cgxe_registry.obj
 0001:000111f0       ssGetZcSignalVector        00000001800121f0 f   Quadrature_Phase_Shift_Keying_cgxe_registry.obj
 0001:00011260       ssGetZcSignalName          0000000180012260 f   Quadrature_Phase_Shift_Keying_cgxe_registry.obj
 0001:000112d0       ssGetZcSignalWidth         00000001800122d0 f   Quadrature_Phase_Shift_Keying_cgxe_registry.obj
 0001:00011340       ssGetZcSignalZcEventType   0000000180012340 f   Quadrature_Phase_Shift_Keying_cgxe_registry.obj
 0001:000113b0       ssGetZcSignalZcEvents      00000001800123b0 f   Quadrature_Phase_Shift_Keying_cgxe_registry.obj
 0001:00011420       ssGetZcSignalType          0000000180012420 f   Quadrature_Phase_Shift_Keying_cgxe_registry.obj
 0001:00011490       ssGetZcSignalZcTol         0000000180012490 f   Quadrature_Phase_Shift_Keying_cgxe_registry.obj
 0001:00011510       ssGetZcSignalNeedsEventNotification 0000000180012510 f   Quadrature_Phase_Shift_Keying_cgxe_registry.obj
 0001:00011580       ssGetZcSignalIsZcElementDisc 0000000180012580 f   Quadrature_Phase_Shift_Keying_cgxe_registry.obj
 0001:00011620       ssGetIsInputPortElementContinuous 0000000180012620 f   Quadrature_Phase_Shift_Keying_cgxe_registry.obj
 0001:000116c0       _ssGetAbsTol               00000001800126c0 f   Quadrature_Phase_Shift_Keying_cgxe_registry.obj
 0001:00011730       _ssSetStateAbsTol          0000000180012730 f   Quadrature_Phase_Shift_Keying_cgxe_registry.obj
 0001:00011810       _ssSetInputPortReusableFcn 0000000180012810 f   Quadrature_Phase_Shift_Keying_cgxe_registry.obj
 0001:00011910       _ssSetOutputPortReusableFcn 0000000180012910 f   Quadrature_Phase_Shift_Keying_cgxe_registry.obj
 0001:00011a10       _ssSetSymbolicDimsSupport  0000000180012a10 f   Quadrature_Phase_Shift_Keying_cgxe_registry.obj
 0001:00011a80       _ssRegisterSymbolicDimsExpr 0000000180012a80 f   Quadrature_Phase_Shift_Keying_cgxe_registry.obj
 0001:00011b00       _ssRegisterSymbolicDimsMATLABExpr 0000000180012b00 f   Quadrature_Phase_Shift_Keying_cgxe_registry.obj
 0001:00011b90       _ssRegisterSymbolicDims    0000000180012b90 f   Quadrature_Phase_Shift_Keying_cgxe_registry.obj
 0001:00011c30       _ssRegisterSymbolicDimsString 0000000180012c30 f   Quadrature_Phase_Shift_Keying_cgxe_registry.obj
 0001:00011cb0       _ssRegisterSymbolicDimsIntValue 0000000180012cb0 f   Quadrature_Phase_Shift_Keying_cgxe_registry.obj
 0001:00011d20       _ssRegisterSymbolicEqualRelation 0000000180012d20 f   Quadrature_Phase_Shift_Keying_cgxe_registry.obj
 0001:00011d90       _ssRegisterSymbolicEqualValue 0000000180012d90 f   Quadrature_Phase_Shift_Keying_cgxe_registry.obj
 0001:00011e00       _ssAmendLeadingSymbolicDims 0000000180012e00 f   Quadrature_Phase_Shift_Keying_cgxe_registry.obj
 0001:00011e80       _ssAmendTrailingSymbolicDims 0000000180012e80 f   Quadrature_Phase_Shift_Keying_cgxe_registry.obj
 0001:00011f00       _ssRegisterSymbolicDimsPlus 0000000180012f00 f   Quadrature_Phase_Shift_Keying_cgxe_registry.obj
 0001:00011f80       _ssRegisterSymbolicDimsMinus 0000000180012f80 f   Quadrature_Phase_Shift_Keying_cgxe_registry.obj
 0001:00012000       _ssRegisterSymbolicDimsMultiply 0000000180013000 f   Quadrature_Phase_Shift_Keying_cgxe_registry.obj
 0001:00012080       _ssRegisterSymbolicDimsDivide 0000000180013080 f   Quadrature_Phase_Shift_Keying_cgxe_registry.obj
 0001:00012100       _ssGetNumSymbolicDims      0000000180013100 f   Quadrature_Phase_Shift_Keying_cgxe_registry.obj
 0001:00012170       _ssGetSymbolicDim          0000000180013170 f   Quadrature_Phase_Shift_Keying_cgxe_registry.obj
 0001:000121f0       _ssSetInputPortSymbolicDimsId 00000001800131f0 f   Quadrature_Phase_Shift_Keying_cgxe_registry.obj
 0001:00012260       _ssGetCompInputPortSymbolicDimsId 0000000180013260 f   Quadrature_Phase_Shift_Keying_cgxe_registry.obj
 0001:000122d0       _ssSetCompInputPortSymbolicDimsId 00000001800132d0 f   Quadrature_Phase_Shift_Keying_cgxe_registry.obj
 0001:00012340       _ssSetOutputPortSymbolicDimsId 0000000180013340 f   Quadrature_Phase_Shift_Keying_cgxe_registry.obj
 0001:000123b0       _ssGetCompOutputPortSymbolicDimsId 00000001800133b0 f   Quadrature_Phase_Shift_Keying_cgxe_registry.obj
 0001:00012420       _ssSetCompOutputPortSymbolicDimsId 0000000180013420 f   Quadrature_Phase_Shift_Keying_cgxe_registry.obj
 0001:00012490       _ssGetDWorkSymbolicDimsId  0000000180013490 f   Quadrature_Phase_Shift_Keying_cgxe_registry.obj
 0001:00012500       _ssSetDWorkSymbolicDimsId  0000000180013500 f   Quadrature_Phase_Shift_Keying_cgxe_registry.obj
 0001:00012570       _ssGetCompDWorkSymbolicDimsId 0000000180013570 f   Quadrature_Phase_Shift_Keying_cgxe_registry.obj
 0001:000125e0       _ssSetCompDWorkSymbolicDimsId 00000001800135e0 f   Quadrature_Phase_Shift_Keying_cgxe_registry.obj
 0001:00012650       _ssCreateSLCGStringBuffer  0000000180013650 f   Quadrature_Phase_Shift_Keying_cgxe_registry.obj
 0001:000126c0       _ssAddToSLCGStringBuffer   00000001800136c0 f   Quadrature_Phase_Shift_Keying_cgxe_registry.obj
 0001:00012730       _ssGetPointerContainedData 0000000180013730 f   Quadrature_Phase_Shift_Keying_cgxe_registry.obj
 0001:000127c0       _ssGetPointerContainedDataWidth 00000001800137c0 f   Quadrature_Phase_Shift_Keying_cgxe_registry.obj
 0001:00012850       _ssRegisterDynamicArrayDataTypeFcn 0000000180013850 f   Quadrature_Phase_Shift_Keying_cgxe_registry.obj
 0001:000128f0       _ssGetDynamicArrayContainedDataCurrentWidthFcn 00000001800138f0 f   Quadrature_Phase_Shift_Keying_cgxe_registry.obj
 0001:000129c0       _ssGetDynamicArrayContainedDataFcn 00000001800139c0 f   Quadrature_Phase_Shift_Keying_cgxe_registry.obj
 0001:00012a90       _ssGetInputPortDynamicArrayDataFcn 0000000180013a90 f   Quadrature_Phase_Shift_Keying_cgxe_registry.obj
 0001:00012b50       _ssGetOutputPortDynamicArrayDataFcn 0000000180013b50 f   Quadrature_Phase_Shift_Keying_cgxe_registry.obj
 0001:00012c10       _ssGetInputPortDynamicArrayContainedDataFcn 0000000180013c10 f   Quadrature_Phase_Shift_Keying_cgxe_registry.obj
 0001:00012cd0       _ssGetOutputPortDynamicArrayContainedDataFcn 0000000180013cd0 f   Quadrature_Phase_Shift_Keying_cgxe_registry.obj
 0001:00012d90       _ssGetDynamicArrayDWorkContainedDataFcn 0000000180013d90 f   Quadrature_Phase_Shift_Keying_cgxe_registry.obj
 0001:00014970       __local_stdio_printf_options 0000000180015970 f i Quadrature_Phase_Shift_Keying_cgxe_registry.obj
 0001:00014980       _vsnprintf_l               0000000180015980 f i Quadrature_Phase_Shift_Keying_cgxe_registry.obj
 0001:00014a00       _vsprintf_l                0000000180015a00 f i Quadrature_Phase_Shift_Keying_cgxe_registry.obj
 0001:00014a50       sprintf                    0000000180015a50 f i Quadrature_Phase_Shift_Keying_cgxe_registry.obj
 0001:00014a9f       mxGetPr_800                0000000180015a9f f   libmx:libmx.dll
 0001:00014aa5       mxSetCell_800              0000000180015aa5 f   libmx:libmx.dll
 0001:00014aab       mxSetFieldByNumber_800     0000000180015aab f   libmx:libmx.dll
 0001:00014ab1       mxCreateDoubleMatrix_800   0000000180015ab1 f   libmx:libmx.dll
 0001:00014ab7       mxCreateString_800         0000000180015ab7 f   libmx:libmx.dll
 0001:00014abd       mxCreateCellMatrix_800     0000000180015abd f   libmx:libmx.dll
 0001:00014ac3       mxCreateStructMatrix_800   0000000180015ac3 f   libmx:libmx.dll
 0001:00014ac9       mxGetNaN_800               0000000180015ac9 f   libmx:libmx.dll
 0001:00014acf       mxCalloc_800               0000000180015acf f   libmx:libmx.dll
 0001:00014ad5       mxGetM_800                 0000000180015ad5 f   libmx:libmx.dll
 0001:00014adb       mxGetClassID_800           0000000180015adb f   libmx:libmx.dll
 0001:00014ae1       mxGetData_800              0000000180015ae1 f   libmx:libmx.dll
 0001:00014ae7       mxIsNumeric_800            0000000180015ae7 f   libmx:libmx.dll
 0001:00014aed       mxIsChar_800               0000000180015aed f   libmx:libmx.dll
 0001:00014af3       mxIsComplex_800            0000000180015af3 f   libmx:libmx.dll
 0001:00014af9       mxGetN_800                 0000000180015af9 f   libmx:libmx.dll
 0001:00014aff       mxSetField_800             0000000180015aff f   libmx:libmx.dll
 0001:00014b05       mxCreateNumericMatrix_800  0000000180015b05 f   libmx:libmx.dll
 0001:00014b0b       mxCreateDoubleScalar_800   0000000180015b0b f   libmx:libmx.dll
 0001:00014b11       mxGetString_800            0000000180015b11 f   libmx:libmx.dll
 0001:00014b17       mexWarnMsgTxt_800          0000000180015b17 f   libmex:libmex.dll
 0001:00014b1d       mexPrintf_800              0000000180015b1d f   libmex:libmex.dll
 0001:00014b23       mexCallMATLAB_800          0000000180015b23 f   libmex:libmex.dll
 0001:00014b29       mexUnlock_800              0000000180015b29 f   libmex:libmex.dll
 0001:00014b2f       mexIsLocked_800            0000000180015b2f f   libmex:libmex.dll
 0001:00014b35       muDoubleScalarAbs          0000000180015b35 f   libmwmathutil:libmwmathutil.dll
 0001:00014b3b       muDoubleScalarCeil         0000000180015b3b f   libmwmathutil:libmwmathutil.dll
 0001:00014b41       muDoubleScalarFloor        0000000180015b41 f   libmwmathutil:libmwmathutil.dll
 0001:00014b47       muDoubleScalarRound        0000000180015b47 f   libmwmathutil:libmwmathutil.dll
 0001:00014b4d       muDoubleScalarExp          0000000180015b4d f   libmwmathutil:libmwmathutil.dll
 0001:00014b53       muDoubleScalarLog          0000000180015b53 f   libmwmathutil:libmwmathutil.dll
 0001:00014b59       muDoubleScalarPower        0000000180015b59 f   libmwmathutil:libmwmathutil.dll
 0001:00014b5f       muDoubleScalarSqrt         0000000180015b5f f   libmwmathutil:libmwmathutil.dll
 0001:00014b65       muDoubleScalarRem          0000000180015b65 f   libmwmathutil:libmwmathutil.dll
 0001:00014b6b       muDoubleScalarIsNaN        0000000180015b6b f   libmwmathutil:libmwmathutil.dll
 0001:00014b71       muDoubleScalarIsInf        0000000180015b71 f   libmwmathutil:libmwmathutil.dll
 0001:00014b77       emlrtLicenseCheckR2022a    0000000180015b77 f   libemlrt:libemlrt.dll
 0001:00014b7d       emlrtAssign                0000000180015b7d f   libemlrt:libemlrt.dll
 0001:00014b83       emlrtCreateCharArray       0000000180015b83 f   libemlrt:libemlrt.dll
 0001:00014b89       emlrtCallMATLABR2012b      0000000180015b89 f   libemlrt:libemlrt.dll
 0001:00014b8f       emlrtInitCharArrayR2013a   0000000180015b8f f   libemlrt:libemlrt.dll
 0001:00014b95       cgxertGetInputPortSignal   0000000180015b95 f   libmwcgxert:libmwcgxert.dll
 0001:00014b9b       cgxertGetOutputPortSignal  0000000180015b9b f   libmwcgxert:libmwcgxert.dll
 0001:00014ba1       cgxertGetRunTimeParamInfoData 0000000180015ba1 f   libmwcgxert:libmwcgxert.dll
 0001:00014ba7       cgxertSetSimStateCompliance 0000000180015ba7 f   libmwcgxert:libmwcgxert.dll
 0001:00014bad       cgxertGetRuntimeInstance   0000000180015bad f   libmwcgxert:libmwcgxert.dll
 0001:00014bb3       cgxertSetRuntimeInstance   0000000180015bb3 f   libmwcgxert:libmwcgxert.dll
 0001:00014bb9       cgxertGetEMLRTCtx          0000000180015bb9 f   libmwcgxert:libmwcgxert.dll
 0001:00014bbf       cgxertSetGcb               0000000180015bbf f   libmwcgxert:libmwcgxert.dll
 0001:00014bc5       cgxertRestoreGcb           0000000180015bc5 f   libmwcgxert:libmwcgxert.dll
 0001:00014bcc       __raise_securityfailure    0000000180015bcc f   MSVCRT:gs_report.obj
 0001:00014c00       __report_gsfailure         0000000180015c00 f   MSVCRT:gs_report.obj
 0001:00014cd4       __report_rangecheckfailure 0000000180015cd4 f   MSVCRT:gs_report.obj
 0001:00014ce8       __report_securityfailure   0000000180015ce8 f   MSVCRT:gs_report.obj
 0001:00014d84       __report_securityfailureEx 0000000180015d84 f   MSVCRT:gs_report.obj
 0001:00014f78       __GSHandlerCheck           0000000180015f78 f   MSVCRT:gshandler.obj
 0001:00014f98       __GSHandlerCheckCommon     0000000180015f98 f   MSVCRT:gshandler.obj
 0001:00015010       __security_check_cookie    0000000180016010 f   MSVCRT:amdsecgs.obj
 0001:0001536c       _CRT_INIT                  000000018001636c f   MSVCRT:dll_dllmain.obj
 0001:00015374       _DllMainCRTStartup         0000000180016374 f   MSVCRT:dll_dllmain.obj
 0001:00015420       __security_init_cookie     0000000180016420 f   MSVCRT:gs_support.obj
 0001:000154cc       DllMain                    00000001800164cc f   MSVCRT:dll_dllmain_stub.obj
 0001:000154f0       ?__scrt_initialize_type_info@@YAXXZ 00000001800164f0 f   MSVCRT:tncleanup.obj
 0001:00015500       ?__scrt_uninitialize_type_info@@YAXXZ 0000000180016500 f   MSVCRT:tncleanup.obj
 0001:0001550c       __local_stdio_scanf_options 000000018001650c f i MSVCRT:default_local_stdio_options.obj
 0001:00015514       __scrt_initialize_default_local_stdio_options 0000000180016514 f   MSVCRT:default_local_stdio_options.obj
 0001:00015530       ?configure_argv@__scrt_narrow_argv_policy@@SAHXZ 0000000180016530 f i MSVCRT:utility.obj
 0001:00015590       ?initialize_environment@__scrt_narrow_environment_policy@@SAHXZ 0000000180016590 f i MSVCRT:utility.obj
 0001:000155c8       NtCurrentTeb               00000001800165c8 f i MSVCRT:utility.obj
 0001:000155d4       __scrt_acquire_startup_lock 00000001800165d4 f   MSVCRT:utility.obj
 0001:00015610       __scrt_dllmain_after_initialize_c 0000000180016610 f   MSVCRT:utility.obj
 0001:00015644       __scrt_dllmain_before_initialize_c 0000000180016644 f   MSVCRT:utility.obj
 0001:0001565c       __scrt_dllmain_crt_thread_attach 000000018001665c f   MSVCRT:utility.obj
 0001:00015684       __scrt_dllmain_crt_thread_detach 0000000180016684 f   MSVCRT:utility.obj
 0001:0001569c       __scrt_dllmain_exception_filter 000000018001669c f   MSVCRT:utility.obj
 0001:000156fc       __scrt_dllmain_uninitialize_c 00000001800166fc f   MSVCRT:utility.obj
 0001:0001572c       __scrt_dllmain_uninitialize_critical 000000018001672c f   MSVCRT:utility.obj
 0001:00015740       __scrt_initialize_crt      0000000180016740 f   MSVCRT:utility.obj
 0001:0001578c       __scrt_initialize_onexit_tables 000000018001678c f   MSVCRT:utility.obj
 0001:00015818       __scrt_is_nonwritable_in_current_image 0000000180016818 f   MSVCRT:utility.obj
 0001:000158b0       __scrt_release_startup_lock 00000001800168b0 f   MSVCRT:utility.obj
 0001:000158d4       __scrt_uninitialize_crt    00000001800168d4 f   MSVCRT:utility.obj
 0001:00015900       _onexit                    0000000180016900 f   MSVCRT:utility.obj
 0001:0001593c       at_quick_exit              000000018001693c f   MSVCRT:utility.obj
 0001:0001595c       atexit                     000000018001695c f   MSVCRT:utility.obj
 0001:00015974       __scrt_get_dyn_tls_init_callback 0000000180016974 f   MSVCRT:dyn_tls_init.obj
 0001:0001597c       __crt_debugger_hook        000000018001697c f   MSVCRT:utility_desktop.obj
 0001:00015984       __scrt_fastfail            0000000180016984 f   MSVCRT:utility_desktop.obj
 0001:00015ad0       __scrt_get_show_window_mode 0000000180016ad0 f   MSVCRT:utility_desktop.obj
 0001:00015b0c       __scrt_initialize_mta      0000000180016b0c f   MSVCRT:utility_desktop.obj
 0001:00015b14       __scrt_initialize_winrt    0000000180016b14 f   MSVCRT:utility_desktop.obj
 0001:00015b18       __scrt_is_managed_app      0000000180016b18 f   MSVCRT:utility_desktop.obj
 0001:00015b6c       __scrt_set_unhandled_exception_filter 0000000180016b6c f   MSVCRT:utility_desktop.obj
 0001:00015b7c       __scrt_stub_for_initialize_mta 0000000180016b7c f   MSVCRT:utility_desktop.obj
 0001:00015b7c       __scrt_exe_initialize_mta  0000000180016b7c f   MSVCRT:utility_desktop.obj
 0001:00015b80       __scrt_unhandled_exception_filter 0000000180016b80 f   MSVCRT:utility_desktop.obj
 0001:00015bdc       _RTC_Initialize            0000000180016bdc f   MSVCRT:initsect.obj
 0001:00015c18       _RTC_Terminate             0000000180016c18 f   MSVCRT:initsect.obj
 0001:00015c54       _guard_check_icall_nop     0000000180016c54 f i MSVCRT:guard_support.obj
 0001:00015c58       ReadNoFence64              0000000180016c58 f i MSVCRT:guard_support.obj
 0001:00015c5c       ReadPointerNoFence         0000000180016c5c f i MSVCRT:guard_support.obj
 0001:00015c60       __castguard_check_failure_debugbreak 0000000180016c60 f i MSVCRT:guard_support.obj
 0001:00015c7c       __castguard_check_failure_fastfail 0000000180016c7c f i MSVCRT:guard_support.obj
 0001:00015ca0       __castguard_check_failure_nop 0000000180016ca0 f i MSVCRT:guard_support.obj
 0001:00015ca4       __castguard_check_failure_os_handled 0000000180016ca4 f i MSVCRT:guard_support.obj
 0001:00015d04       __castguard_slow_path_check_debugbreak 0000000180016d04 f i MSVCRT:guard_support.obj
 0001:00015d38       __castguard_slow_path_check_fastfail 0000000180016d38 f i MSVCRT:guard_support.obj
 0001:00015d74       __castguard_slow_path_check_nop 0000000180016d74 f i MSVCRT:guard_support.obj
 0001:00015d78       __castguard_slow_path_check_os_handled 0000000180016d78 f i MSVCRT:guard_support.obj
 0001:00015dec       _guard_icall_checks_enforced 0000000180016dec f i MSVCRT:guard_support.obj
 0001:00015e04       _guard_rf_checks_enforced  0000000180016e04 f i MSVCRT:guard_support.obj
 0001:00015e08       __isa_available_init       0000000180016e08 f   MSVCRT:cpu_disp.obj
 0001:00015fac       _get_startup_argv_mode     0000000180016fac f   MSVCRT:argv_mode.obj
 0001:00015fb4       __scrt_is_ucrt_dll_in_use  0000000180016fb4 f   MSVCRT:ucrt_detection.obj
 0001:00015fc0       RtlCaptureContext          0000000180016fc0 f   kernel32:KERNEL32.dll
 0001:00015fc6       RtlLookupFunctionEntry     0000000180016fc6 f   kernel32:KERNEL32.dll
 0001:00015fcc       RtlVirtualUnwind           0000000180016fcc f   kernel32:KERNEL32.dll
 0001:00015fd2       UnhandledExceptionFilter   0000000180016fd2 f   kernel32:KERNEL32.dll
 0001:00015fd8       SetUnhandledExceptionFilter 0000000180016fd8 f   kernel32:KERNEL32.dll
 0001:00015fde       GetCurrentProcess          0000000180016fde f   kernel32:KERNEL32.dll
 0001:00015fe4       TerminateProcess           0000000180016fe4 f   kernel32:KERNEL32.dll
 0001:00015fea       IsProcessorFeaturePresent  0000000180016fea f   kernel32:KERNEL32.dll
 0001:00015ff0       QueryPerformanceCounter    0000000180016ff0 f   kernel32:KERNEL32.dll
 0001:00015ff6       GetCurrentProcessId        0000000180016ff6 f   kernel32:KERNEL32.dll
 0001:00015ffc       GetCurrentThreadId         0000000180016ffc f   kernel32:KERNEL32.dll
 0001:00016002       GetSystemTimeAsFileTime    0000000180017002 f   kernel32:KERNEL32.dll
 0001:00016008       DisableThreadLibraryCalls  0000000180017008 f   kernel32:KERNEL32.dll
 0001:0001600e       InitializeSListHead        000000018001700e f   kernel32:KERNEL32.dll
 0001:00016014       IsDebuggerPresent          0000000180017014 f   kernel32:KERNEL32.dll
 0001:0001601a       GetStartupInfoW            000000018001701a f   kernel32:KERNEL32.dll
 0001:00016020       GetModuleHandleW           0000000180017020 f   kernel32:KERNEL32.dll
 0001:00016026       memcpy                     0000000180017026 f   vcruntime:VCRUNTIME140.dll
 0001:0001602c       __C_specific_handler       000000018001702c f   vcruntime:VCRUNTIME140.dll
 0001:00016032       __std_type_info_destroy_list 0000000180017032 f   vcruntime:VCRUNTIME140.dll
 0001:00016038       __current_exception        0000000180017038 f   vcruntime:VCRUNTIME140.dll
 0001:0001603e       __current_exception_context 000000018001703e f   vcruntime:VCRUNTIME140.dll
 0001:00016044       memset                     0000000180017044 f   vcruntime:VCRUNTIME140.dll
 0001:0001604a       calloc                     000000018001704a f   ucrt:api-ms-win-crt-heap-l1-1-0.dll
 0001:00016050       free                       0000000180017050 f   ucrt:api-ms-win-crt-heap-l1-1-0.dll
 0001:00016056       _localtime64               0000000180017056 f   ucrt:api-ms-win-crt-time-l1-1-0.dll
 0001:0001605c       _time64                    000000018001705c f   ucrt:api-ms-win-crt-time-l1-1-0.dll
 0001:00016062       strcmp                     0000000180017062 f   ucrt:api-ms-win-crt-string-l1-1-0.dll
 0001:00016068       strlen                     0000000180017068 f   ucrt:api-ms-win-crt-string-l1-1-0.dll
 0001:0001606e       __stdio_common_vsprintf    000000018001706e f   ucrt:api-ms-win-crt-stdio-l1-1-0.dll
 0001:00016074       malloc                     0000000180017074 f   ucrt:api-ms-win-crt-heap-l1-1-0.dll
 0001:0001607a       _initterm                  000000018001707a f   ucrt:api-ms-win-crt-runtime-l1-1-0.dll
 0001:00016080       _initterm_e                0000000180017080 f   ucrt:api-ms-win-crt-runtime-l1-1-0.dll
 0001:00016086       _seh_filter_dll            0000000180017086 f   ucrt:api-ms-win-crt-runtime-l1-1-0.dll
 0001:0001608c       _configure_narrow_argv     000000018001708c f   ucrt:api-ms-win-crt-runtime-l1-1-0.dll
 0001:00016092       _initialize_narrow_environment 0000000180017092 f   ucrt:api-ms-win-crt-runtime-l1-1-0.dll
 0001:00016098       _initialize_onexit_table   0000000180017098 f   ucrt:api-ms-win-crt-runtime-l1-1-0.dll
 0001:0001609e       _register_onexit_function  000000018001709e f   ucrt:api-ms-win-crt-runtime-l1-1-0.dll
 0001:000160a4       _execute_onexit_table      00000001800170a4 f   ucrt:api-ms-win-crt-runtime-l1-1-0.dll
 0001:000160aa       _crt_atexit                00000001800170aa f   ucrt:api-ms-win-crt-runtime-l1-1-0.dll
 0001:000160b0       _crt_at_quick_exit         00000001800170b0 f   ucrt:api-ms-win-crt-runtime-l1-1-0.dll
 0001:000160b6       _cexit                     00000001800170b6 f   ucrt:api-ms-win-crt-runtime-l1-1-0.dll
 0001:000160bc       terminate                  00000001800170bc f   ucrt:api-ms-win-crt-runtime-l1-1-0.dll
 0001:000160c4       __scrt_stub_for_acrt_initialize 00000001800170c4 f   MSVCRT:ucrt_stubs.obj
 0001:000160c4       __vcrt_initialize          00000001800170c4 f   MSVCRT:ucrt_stubs.obj
 0001:000160c4       __acrt_initialize          00000001800170c4 f   MSVCRT:ucrt_stubs.obj
 0001:000160c8       __scrt_stub_for_acrt_thread_attach 00000001800170c8 f   MSVCRT:ucrt_stubs.obj
 0001:000160c8       __vcrt_thread_attach       00000001800170c8 f   MSVCRT:ucrt_stubs.obj
 0001:000160c8       __acrt_thread_attach       00000001800170c8 f   MSVCRT:ucrt_stubs.obj
 0001:000160cc       __scrt_stub_for_acrt_thread_detach 00000001800170cc f   MSVCRT:ucrt_stubs.obj
 0001:000160cc       __vcrt_thread_detach       00000001800170cc f   MSVCRT:ucrt_stubs.obj
 0001:000160cc       __acrt_thread_detach       00000001800170cc f   MSVCRT:ucrt_stubs.obj
 0001:000160d0       __vcrt_uninitialize        00000001800170d0 f   MSVCRT:ucrt_stubs.obj
 0001:000160d0       __scrt_stub_for_acrt_uninitialize 00000001800170d0 f   MSVCRT:ucrt_stubs.obj
 0001:000160d0       __acrt_uninitialize        00000001800170d0 f   MSVCRT:ucrt_stubs.obj
 0001:000160d4       __vcrt_uninitialize_critical 00000001800170d4 f   MSVCRT:ucrt_stubs.obj
 0001:000160d4       __scrt_stub_for_acrt_uninitialize_critical 00000001800170d4 f   MSVCRT:ucrt_stubs.obj
 0001:000160d4       __acrt_uninitialize_critical 00000001800170d4 f   MSVCRT:ucrt_stubs.obj
 0001:000160d8       _is_c_termination_complete 00000001800170d8 f   MSVCRT:ucrt_stubs.obj
 0001:000160d8       __scrt_stub_for_is_c_termination_complete 00000001800170d8 f   MSVCRT:ucrt_stubs.obj
 0001:000160f0       _guard_dispatch_icall_nop  00000001800170f0 f   MSVCRT:guard_dispatch.obj
 0001:00016110       _guard_xfg_dispatch_icall_nop 0000000180017110 f   MSVCRT:guard_xfg_dispatch.obj
 0002:00000000       __imp_GetStartupInfoW      0000000180018000     kernel32:KERNEL32.dll
 0002:00000008       __imp_IsDebuggerPresent    0000000180018008     kernel32:KERNEL32.dll
 0002:00000010       __imp_InitializeSListHead  0000000180018010     kernel32:KERNEL32.dll
 0002:00000018       __imp_DisableThreadLibraryCalls 0000000180018018     kernel32:KERNEL32.dll
 0002:00000020       __imp_GetSystemTimeAsFileTime 0000000180018020     kernel32:KERNEL32.dll
 0002:00000028       __imp_GetCurrentThreadId   0000000180018028     kernel32:KERNEL32.dll
 0002:00000030       __imp_GetCurrentProcessId  0000000180018030     kernel32:KERNEL32.dll
 0002:00000038       __imp_QueryPerformanceCounter 0000000180018038     kernel32:KERNEL32.dll
 0002:00000040       __imp_IsProcessorFeaturePresent 0000000180018040     kernel32:KERNEL32.dll
 0002:00000048       __imp_TerminateProcess     0000000180018048     kernel32:KERNEL32.dll
 0002:00000050       __imp_GetCurrentProcess    0000000180018050     kernel32:KERNEL32.dll
 0002:00000058       __imp_SetUnhandledExceptionFilter 0000000180018058     kernel32:KERNEL32.dll
 0002:00000060       __imp_UnhandledExceptionFilter 0000000180018060     kernel32:KERNEL32.dll
 0002:00000068       __imp_RtlVirtualUnwind     0000000180018068     kernel32:KERNEL32.dll
 0002:00000070       __imp_RtlLookupFunctionEntry 0000000180018070     kernel32:KERNEL32.dll
 0002:00000078       __imp_RtlCaptureContext    0000000180018078     kernel32:KERNEL32.dll
 0002:00000080       __imp_GetModuleHandleW     0000000180018080     kernel32:KERNEL32.dll
 0002:00000088       \177KERNEL32_NULL_THUNK_DATA 0000000180018088     kernel32:KERNEL32.dll
 0002:00000090       __imp_memcpy               0000000180018090     vcruntime:VCRUNTIME140.dll
 0002:00000098       __imp___C_specific_handler 0000000180018098     vcruntime:VCRUNTIME140.dll
 0002:000000a0       __imp___std_type_info_destroy_list 00000001800180a0     vcruntime:VCRUNTIME140.dll
 0002:000000a8       __imp___current_exception  00000001800180a8     vcruntime:VCRUNTIME140.dll
 0002:000000b0       __imp___current_exception_context 00000001800180b0     vcruntime:VCRUNTIME140.dll
 0002:000000b8       __imp_memset               00000001800180b8     vcruntime:VCRUNTIME140.dll
 0002:000000c0       \177VCRUNTIME140_NULL_THUNK_DATA 00000001800180c0     vcruntime:VCRUNTIME140.dll
 0002:000000c8       __imp_malloc               00000001800180c8     ucrt:api-ms-win-crt-heap-l1-1-0.dll
 0002:000000d0       __imp_calloc               00000001800180d0     ucrt:api-ms-win-crt-heap-l1-1-0.dll
 0002:000000d8       __imp_free                 00000001800180d8     ucrt:api-ms-win-crt-heap-l1-1-0.dll
 0002:000000e0       \177api-ms-win-crt-heap-l1-1-0_NULL_THUNK_DATA 00000001800180e0     ucrt:api-ms-win-crt-heap-l1-1-0.dll
 0002:000000e8       __imp__configure_narrow_argv 00000001800180e8     ucrt:api-ms-win-crt-runtime-l1-1-0.dll
 0002:000000f0       __imp__initialize_narrow_environment 00000001800180f0     ucrt:api-ms-win-crt-runtime-l1-1-0.dll
 0002:000000f8       __imp__initialize_onexit_table 00000001800180f8     ucrt:api-ms-win-crt-runtime-l1-1-0.dll
 0002:00000100       __imp__initterm_e          0000000180018100     ucrt:api-ms-win-crt-runtime-l1-1-0.dll
 0002:00000108       __imp__initterm            0000000180018108     ucrt:api-ms-win-crt-runtime-l1-1-0.dll
 0002:00000110       __imp__execute_onexit_table 0000000180018110     ucrt:api-ms-win-crt-runtime-l1-1-0.dll
 0002:00000118       __imp__crt_atexit          0000000180018118     ucrt:api-ms-win-crt-runtime-l1-1-0.dll
 0002:00000120       __imp__crt_at_quick_exit   0000000180018120     ucrt:api-ms-win-crt-runtime-l1-1-0.dll
 0002:00000128       __imp__cexit               0000000180018128     ucrt:api-ms-win-crt-runtime-l1-1-0.dll
 0002:00000130       __imp__seh_filter_dll      0000000180018130     ucrt:api-ms-win-crt-runtime-l1-1-0.dll
 0002:00000138       __imp_terminate            0000000180018138     ucrt:api-ms-win-crt-runtime-l1-1-0.dll
 0002:00000140       __imp__register_onexit_function 0000000180018140     ucrt:api-ms-win-crt-runtime-l1-1-0.dll
 0002:00000148       \177api-ms-win-crt-runtime-l1-1-0_NULL_THUNK_DATA 0000000180018148     ucrt:api-ms-win-crt-runtime-l1-1-0.dll
 0002:00000150       __imp___stdio_common_vsprintf 0000000180018150     ucrt:api-ms-win-crt-stdio-l1-1-0.dll
 0002:00000158       \177api-ms-win-crt-stdio-l1-1-0_NULL_THUNK_DATA 0000000180018158     ucrt:api-ms-win-crt-stdio-l1-1-0.dll
 0002:00000160       __imp_strcmp               0000000180018160     ucrt:api-ms-win-crt-string-l1-1-0.dll
 0002:00000168       __imp_strlen               0000000180018168     ucrt:api-ms-win-crt-string-l1-1-0.dll
 0002:00000170       \177api-ms-win-crt-string-l1-1-0_NULL_THUNK_DATA 0000000180018170     ucrt:api-ms-win-crt-string-l1-1-0.dll
 0002:00000178       __imp__time64              0000000180018178     ucrt:api-ms-win-crt-time-l1-1-0.dll
 0002:00000180       __imp__localtime64         0000000180018180     ucrt:api-ms-win-crt-time-l1-1-0.dll
 0002:00000188       \177api-ms-win-crt-time-l1-1-0_NULL_THUNK_DATA 0000000180018188     ucrt:api-ms-win-crt-time-l1-1-0.dll
 0002:00000190       __imp_emlrtCreateCharArray 0000000180018190     libemlrt:libemlrt.dll
 0002:00000198       __imp_emlrtInitCharArrayR2013a 0000000180018198     libemlrt:libemlrt.dll
 0002:000001a0       __imp_emlrtAssign          00000001800181a0     libemlrt:libemlrt.dll
 0002:000001a8       __imp_emlrtLicenseCheckR2022a 00000001800181a8     libemlrt:libemlrt.dll
 0002:000001b0       __imp_emlrtCallMATLABR2012b 00000001800181b0     libemlrt:libemlrt.dll
 0002:000001b8       \177libemlrt_NULL_THUNK_DATA 00000001800181b8     libemlrt:libemlrt.dll
 0002:000001c0       __imp_mexUnlock_800        00000001800181c0     libmex:libmex.dll
 0002:000001c8       __imp_mexWarnMsgTxt_800    00000001800181c8     libmex:libmex.dll
 0002:000001d0       __imp_mexIsLocked_800      00000001800181d0     libmex:libmex.dll
 0002:000001d8       __imp_mexCallMATLAB_800    00000001800181d8     libmex:libmex.dll
 0002:000001e0       __imp_mexPrintf_800        00000001800181e0     libmex:libmex.dll
 0002:000001e8       \177libmex_NULL_THUNK_DATA 00000001800181e8     libmex:libmex.dll
 0002:000001f0       __imp_cgxertSetGcb         00000001800181f0     libmwcgxert:libmwcgxert.dll
 0002:000001f8       __imp_cgxertGetEMLRTCtx    00000001800181f8     libmwcgxert:libmwcgxert.dll
 0002:00000200       __imp_cgxertSetRuntimeInstance 0000000180018200     libmwcgxert:libmwcgxert.dll
 0002:00000208       __imp_cgxertGetRuntimeInstance 0000000180018208     libmwcgxert:libmwcgxert.dll
 0002:00000210       __imp_cgxertSetSimStateCompliance 0000000180018210     libmwcgxert:libmwcgxert.dll
 0002:00000218       __imp_cgxertGetOutputPortSignal 0000000180018218     libmwcgxert:libmwcgxert.dll
 0002:00000220       __imp_cgxertGetInputPortSignal 0000000180018220     libmwcgxert:libmwcgxert.dll
 0002:00000228       __imp_cgxertRestoreGcb     0000000180018228     libmwcgxert:libmwcgxert.dll
 0002:00000230       __imp_cgxertGetRunTimeParamInfoData 0000000180018230     libmwcgxert:libmwcgxert.dll
 0002:00000238       \177libmwcgxert_NULL_THUNK_DATA 0000000180018238     libmwcgxert:libmwcgxert.dll
 0002:00000240       __imp_muDoubleScalarCeil   0000000180018240     libmwmathutil:libmwmathutil.dll
 0002:00000248       __imp_muDoubleScalarIsInf  0000000180018248     libmwmathutil:libmwmathutil.dll
 0002:00000250       __imp_muDoubleScalarIsNaN  0000000180018250     libmwmathutil:libmwmathutil.dll
 0002:00000258       __imp_muDoubleScalarRem    0000000180018258     libmwmathutil:libmwmathutil.dll
 0002:00000260       __imp_muDoubleScalarSqrt   0000000180018260     libmwmathutil:libmwmathutil.dll
 0002:00000268       __imp_muDoubleScalarPower  0000000180018268     libmwmathutil:libmwmathutil.dll
 0002:00000270       __imp_muDoubleScalarLog    0000000180018270     libmwmathutil:libmwmathutil.dll
 0002:00000278       __imp_muDoubleScalarExp    0000000180018278     libmwmathutil:libmwmathutil.dll
 0002:00000280       __imp_muDoubleScalarRound  0000000180018280     libmwmathutil:libmwmathutil.dll
 0002:00000288       __imp_muDoubleScalarFloor  0000000180018288     libmwmathutil:libmwmathutil.dll
 0002:00000290       __imp_muDoubleScalarAbs    0000000180018290     libmwmathutil:libmwmathutil.dll
 0002:00000298       \177libmwmathutil_NULL_THUNK_DATA 0000000180018298     libmwmathutil:libmwmathutil.dll
 0002:000002a0       __imp_mxSetCell_800        00000001800182a0     libmx:libmx.dll
 0002:000002a8       __imp_mxGetString_800      00000001800182a8     libmx:libmx.dll
 0002:000002b0       __imp_mxCreateDoubleScalar_800 00000001800182b0     libmx:libmx.dll
 0002:000002b8       __imp_mxCreateNumericMatrix_800 00000001800182b8     libmx:libmx.dll
 0002:000002c0       __imp_mxSetField_800       00000001800182c0     libmx:libmx.dll
 0002:000002c8       __imp_mxGetN_800           00000001800182c8     libmx:libmx.dll
 0002:000002d0       __imp_mxIsComplex_800      00000001800182d0     libmx:libmx.dll
 0002:000002d8       __imp_mxIsChar_800         00000001800182d8     libmx:libmx.dll
 0002:000002e0       __imp_mxIsNumeric_800      00000001800182e0     libmx:libmx.dll
 0002:000002e8       __imp_mxGetData_800        00000001800182e8     libmx:libmx.dll
 0002:000002f0       __imp_mxGetClassID_800     00000001800182f0     libmx:libmx.dll
 0002:000002f8       __imp_mxGetM_800           00000001800182f8     libmx:libmx.dll
 0002:00000300       __imp_mxCalloc_800         0000000180018300     libmx:libmx.dll
 0002:00000308       __imp_mxGetNaN_800         0000000180018308     libmx:libmx.dll
 0002:00000310       __imp_mxCreateStructMatrix_800 0000000180018310     libmx:libmx.dll
 0002:00000318       __imp_mxCreateCellMatrix_800 0000000180018318     libmx:libmx.dll
 0002:00000320       __imp_mxCreateString_800   0000000180018320     libmx:libmx.dll
 0002:00000328       __imp_mxCreateDoubleMatrix_800 0000000180018328     libmx:libmx.dll
 0002:00000330       __imp_mxSetFieldByNumber_800 0000000180018330     libmx:libmx.dll
 0002:00000338       __imp_mxGetPr_800          0000000180018338     libmx:libmx.dll
 0002:00000340       \177libmx_NULL_THUNK_DATA  0000000180018340     libmx:libmx.dll
 0002:00000348       __guard_check_icall_fptr   0000000180018348     MSVCRT:guard_support.obj
 0002:00000350       __guard_xfg_check_icall_fptr 0000000180018350     MSVCRT:guard_support.obj
 0002:00000358       __guard_dispatch_icall_fptr 0000000180018358     MSVCRT:guard_support.obj
 0002:00000360       __guard_xfg_dispatch_icall_fptr 0000000180018360     MSVCRT:guard_support.obj
 0002:00000368       __guard_xfg_table_dispatch_icall_fptr 0000000180018368     MSVCRT:guard_support.obj
 0002:00000370       __xc_a                     0000000180018370     MSVCRT:initializers.obj
 0002:00000378       __xc_z                     0000000180018378     MSVCRT:initializers.obj
 0002:00000380       __xi_a                     0000000180018380     MSVCRT:initializers.obj
 0002:00000388       __xi_z                     0000000180018388     MSVCRT:initializers.obj
 0002:00000390       __xp_a                     0000000180018390     MSVCRT:initializers.obj
 0002:00000398       __xp_z                     0000000180018398     MSVCRT:initializers.obj
 0002:000003a0       __xt_a                     00000001800183a0     MSVCRT:initializers.obj
 0002:000003a8       __xt_z                     00000001800183a8     MSVCRT:initializers.obj
 0002:000004e0       __real@0000000000000000    00000001800184e0     m_Jf2lRQWLrP2B1g4UrAzlsF.obj
 0002:000004e8       __real@3ca0000000000000    00000001800184e8     m_Jf2lRQWLrP2B1g4UrAzlsF.obj
 0002:000004f0       __real@3cb0000000000000    00000001800184f0     m_Jf2lRQWLrP2B1g4UrAzlsF.obj
 0002:000004f8       __real@3defffffffffffff    00000001800184f8     m_Jf2lRQWLrP2B1g4UrAzlsF.obj
 0002:00000500       __real@3e00000000000000    0000000180018500     m_Jf2lRQWLrP2B1g4UrAzlsF.obj
 0002:00000508       __real@3e00000000200000    0000000180018508     m_Jf2lRQWLrP2B1g4UrAzlsF.obj
 0002:00000510       __real@3f940d92e5a05850    0000000180018510     m_Jf2lRQWLrP2B1g4UrAzlsF.obj
 0002:00000518       __real@3fd183aa6c20e8bc    0000000180018518     m_Jf2lRQWLrP2B1g4UrAzlsF.obj
 0002:00000520       __real@3fdf39bd90efa6ec    0000000180018520     m_Jf2lRQWLrP2B1g4UrAzlsF.obj
 0002:00000528       __real@3fe0000000000000    0000000180018528     m_Jf2lRQWLrP2B1g4UrAzlsF.obj
 0002:00000530       __real@3fef01751555d29a    0000000180018530     m_Jf2lRQWLrP2B1g4UrAzlsF.obj
 0002:00000538       __real@3ff0000000000000    0000000180018538     m_Jf2lRQWLrP2B1g4UrAzlsF.obj
 0002:00000540       __real@3ff4d1b4fe79ee03    0000000180018540     m_Jf2lRQWLrP2B1g4UrAzlsF.obj
 0002:00000548       __real@4000000000000000    0000000180018548     m_Jf2lRQWLrP2B1g4UrAzlsF.obj
 0002:00000550       __real@40063748a159817c    0000000180018550     m_Jf2lRQWLrP2B1g4UrAzlsF.obj
 0002:00000558       __real@400d3bb48209ad36    0000000180018558     m_Jf2lRQWLrP2B1g4UrAzlsF.obj
 0002:00000560       __real@4010000000000000    0000000180018560     m_Jf2lRQWLrP2B1g4UrAzlsF.obj
 0002:00000568       __real@4024000000000000    0000000180018568     m_Jf2lRQWLrP2B1g4UrAzlsF.obj
 0002:00000570       __real@4028c070b8cfbfc6    0000000180018570     m_Jf2lRQWLrP2B1g4UrAzlsF.obj
 0002:00000578       __real@40295aa79bbadc0a    0000000180018578     m_Jf2lRQWLrP2B1g4UrAzlsF.obj
 0002:00000580       __real@404e000000000000    0000000180018580     m_Jf2lRQWLrP2B1g4UrAzlsF.obj
 0002:00000588       __real@4059000000000000    0000000180018588     m_Jf2lRQWLrP2B1g4UrAzlsF.obj
 0002:00000590       __real@4076d00000000000    0000000180018590     m_Jf2lRQWLrP2B1g4UrAzlsF.obj
 0002:00000598       __real@4079000000000000    0000000180018598     m_Jf2lRQWLrP2B1g4UrAzlsF.obj
 0002:000005a0       __real@40ac200000000000    00000001800185a0     m_Jf2lRQWLrP2B1g4UrAzlsF.obj
 0002:000005a8       __real@40f5180000000000    00000001800185a8     m_Jf2lRQWLrP2B1g4UrAzlsF.obj
 0002:000005b0       __real@41607ac000000000    00000001800185b0     m_Jf2lRQWLrP2B1g4UrAzlsF.obj
 0002:000005b8       __real@4170000000000000    00000001800185b8     m_Jf2lRQWLrP2B1g4UrAzlsF.obj
 0002:000005c0       __real@4190000000000000    00000001800185c0     m_Jf2lRQWLrP2B1g4UrAzlsF.obj
 0002:000005c8       __real@41dfffffffc00000    00000001800185c8     m_Jf2lRQWLrP2B1g4UrAzlsF.obj
 0002:000005d0       __real@41f0000000000000    00000001800185d0     m_Jf2lRQWLrP2B1g4UrAzlsF.obj
 0002:000005d8       __real@bfe0000000000000    00000001800185d8     m_Jf2lRQWLrP2B1g4UrAzlsF.obj
 0002:000005e0       __real@c000000000000000    00000001800185e0     m_Jf2lRQWLrP2B1g4UrAzlsF.obj
 0002:000005f0       __xmm@80000000000000008000000000000000 00000001800185f0     m_Jf2lRQWLrP2B1g4UrAzlsF.obj
 0002:00000730       __real@3ff6a09e667f3bcd    0000000180018730     m_UGsKOob1SZ1GnhcskvCSLB.obj
 0002:00000738       DYNAMIC_DIMENSION_DEF      0000000180018738     Quadrature_Phase_Shift_Keying_cgxe_registry.obj
 0002:00000750       __real@41602cbca0000000    0000000180018750     Quadrature_Phase_Shift_Keying_cgxe_registry.obj
 0002:00000758       __real@4193352670000000    0000000180018758     Quadrature_Phase_Shift_Keying_cgxe_registry.obj
 0002:00000760       __real@41c2a4262c000000    0000000180018760     Quadrature_Phase_Shift_Keying_cgxe_registry.obj
 0002:00000768       __real@41c47871cf000000    0000000180018768     Quadrature_Phase_Shift_Keying_cgxe_registry.obj
 0002:00000770       __real@41cf1f137a800000    0000000180018770     Quadrature_Phase_Shift_Keying_cgxe_registry.obj
 0002:00000778       __real@41d0d301d1000000    0000000180018778     Quadrature_Phase_Shift_Keying_cgxe_registry.obj
 0002:00000780       __real@41d5a495f8000000    0000000180018780     Quadrature_Phase_Shift_Keying_cgxe_registry.obj
 0002:00000788       __real@41db319962000000    0000000180018788     Quadrature_Phase_Shift_Keying_cgxe_registry.obj
 0002:00000790       __real@41dc67f553c00000    0000000180018790     Quadrature_Phase_Shift_Keying_cgxe_registry.obj
 0002:00000798       __real@41dc684f4ac00000    0000000180018798     Quadrature_Phase_Shift_Keying_cgxe_registry.obj
 0002:000007a0       __real@41e13401bfc00000    00000001800187a0     Quadrature_Phase_Shift_Keying_cgxe_registry.obj
 0002:000007a8       __real@41e2069ed9a00000    00000001800187a8     Quadrature_Phase_Shift_Keying_cgxe_registry.obj
 0002:000007b0       __real@41e5b0b712600000    00000001800187b0     Quadrature_Phase_Shift_Keying_cgxe_registry.obj
 0002:000007b8       __real@41e6c33c46200000    00000001800187b8     Quadrature_Phase_Shift_Keying_cgxe_registry.obj
 0002:000007c0       __real@41ea363205200000    00000001800187c0     Quadrature_Phase_Shift_Keying_cgxe_registry.obj
 0002:000007c8       __real@41ed73dcf2e00000    00000001800187c8     Quadrature_Phase_Shift_Keying_cgxe_registry.obj
 0002:000007d0       __real@41efeada80200000    00000001800187d0     Quadrature_Phase_Shift_Keying_cgxe_registry.obj
 0002:000007d8       __real@bff0000000000000    00000001800187d8     Quadrature_Phase_Shift_Keying_cgxe_registry.obj
 0002:000007f0       _pDefaultRawDllMain        00000001800187f0     MSVCRT:dll_dllmain.obj
 0002:000007f0       _pRawDllMain               00000001800187f0     MSVCRT:dll_dllmain.obj
 0002:00000800       __xmm@ffffffffffffffffffffffffffffffff 0000000180018800     MSVCRT:utility.obj
 0002:00000830       _load_config_used          0000000180018830     MSVCRT:loadcfg.obj
 0002:00000980       __CastGuardVftablesStart   0000000180018980     MSVCRT:guard_support.obj
 0002:00000988       __CastGuardVftablesEnd     0000000180018988     MSVCRT:guard_support.obj
 0002:00000990       __volatile_metadata        0000000180018990     <linker-defined>
 0002:00000d40       __rtc_iaa                  0000000180018d40     MSVCRT:initsect.obj
 0002:00000d48       __rtc_izz                  0000000180018d48     MSVCRT:initsect.obj
 0002:00000d50       __rtc_taa                  0000000180018d50     MSVCRT:initsect.obj
 0002:00000d58       __rtc_tzz                  0000000180018d58     MSVCRT:initsect.obj
 0002:0000180c       __IMPORT_DESCRIPTOR_libmx  000000018001980c     libmx:libmx.dll
 0002:00001820       __IMPORT_DESCRIPTOR_libmex 0000000180019820     libmex:libmex.dll
 0002:00001834       __IMPORT_DESCRIPTOR_libmwmathutil 0000000180019834     libmwmathutil:libmwmathutil.dll
 0002:00001848       __IMPORT_DESCRIPTOR_libemlrt 0000000180019848     libemlrt:libemlrt.dll
 0002:0000185c       __IMPORT_DESCRIPTOR_libmwcgxert 000000018001985c     libmwcgxert:libmwcgxert.dll
 0002:00001870       __IMPORT_DESCRIPTOR_KERNEL32 0000000180019870     kernel32:KERNEL32.dll
 0002:00001884       __IMPORT_DESCRIPTOR_VCRUNTIME140 0000000180019884     vcruntime:VCRUNTIME140.dll
 0002:00001898       __IMPORT_DESCRIPTOR_api-ms-win-crt-heap-l1-1-0 0000000180019898     ucrt:api-ms-win-crt-heap-l1-1-0.dll
 0002:000018ac       __IMPORT_DESCRIPTOR_api-ms-win-crt-time-l1-1-0 00000001800198ac     ucrt:api-ms-win-crt-time-l1-1-0.dll
 0002:000018c0       __IMPORT_DESCRIPTOR_api-ms-win-crt-string-l1-1-0 00000001800198c0     ucrt:api-ms-win-crt-string-l1-1-0.dll
 0002:000018d4       __IMPORT_DESCRIPTOR_api-ms-win-crt-stdio-l1-1-0 00000001800198d4     ucrt:api-ms-win-crt-stdio-l1-1-0.dll
 0002:000018e8       __IMPORT_DESCRIPTOR_api-ms-win-crt-runtime-l1-1-0 00000001800198e8     ucrt:api-ms-win-crt-runtime-l1-1-0.dll
 0002:000018fc       __NULL_IMPORT_DESCRIPTOR   00000001800198fc     libmx:libmx.dll
 0003:000085a0       DYNAMIC_DIMENSION          00000001800235a0     Quadrature_Phase_Shift_Keying_cgxe_registry.obj
 0003:0000a850       __security_cookie_complement 0000000180025850     MSVCRT:gs_cookie.obj
 0003:0000a858       __security_cookie          0000000180025858     MSVCRT:gs_cookie.obj
 0003:0000a860       _fltused                   0000000180025860     MSVCRT:fltused.obj
 0003:0000a864       __scrt_native_dllmain_reason 0000000180025864     MSVCRT:utility.obj
 0003:0000a868       __isa_available            0000000180025868     MSVCRT:cpu_disp.obj
 0003:0000a86c       __isa_enabled              000000018002586c     MSVCRT:cpu_disp.obj
 0003:0000a870       __memcpy_nt_iters          0000000180025870     MSVCRT:cpu_disp.obj
 0003:0000a878       __memset_nt_iters          0000000180025878     MSVCRT:cpu_disp.obj
 0003:0000a880       __scrt_ucrt_dll_is_in_use  0000000180025880     MSVCRT:ucrt_stubs.obj
 0003:0000ae40       ?__type_info_root_node@@3U__type_info_node@@A 0000000180025e40     MSVCRT:tncleanup.obj
 0003:0000ae50       ?_OptionsStorage@?1??__local_stdio_printf_options@@9@4_KA 0000000180025e50     MSVCRT:default_local_stdio_options.obj
 0003:0000ae58       ?_OptionsStorage@?1??__local_stdio_scanf_options@@9@4_KA 0000000180025e58     MSVCRT:default_local_stdio_options.obj
 0003:0000ae60       __scrt_current_native_startup_state 0000000180025e60     MSVCRT:utility.obj
 0003:0000ae68       __scrt_native_startup_lock 0000000180025e68     MSVCRT:utility.obj
 0003:0000aea8       __scrt_debugger_hook_flag  0000000180025ea8     MSVCRT:utility_desktop.obj
 0003:0000aeb0       __castguard_check_failure_os_handled_fptr 0000000180025eb0     MSVCRT:guard_support.obj
 0003:0000aeb8       __favor                    0000000180025eb8     MSVCRT:cpu_disp.obj
 0003:0000aec0       ?_OptionsStorage@?1??__local_stdio_printf_options@@9@9 0000000180025ec0     <common>
 0003:0000aec8       __dyn_tls_init_callback    0000000180025ec8     <common>

 entry point at        0001:00015374

 Static symbols

 0000:00000000       .debug$S                   0000000180000000     Quadrature_Phase_Shift_Keying_cgxe.exp
 0000:fffd9000       _volmd                     0000000180000000     Quadrature_Phase_Shift_Keying_cgxe_registry.obj
 0000:fffd9000       _volmd                     0000000180000000     m_Jf2lRQWLrP2B1g4UrAzlsF.obj
 0000:fffd9000       _volmd                     0000000180000000     m_UGsKOob1SZ1GnhcskvCSLB.obj
 0000:fffd9000       _volmd                     0000000180000000     MSVCRT:cpu_disp.obj
 0002:fffe8000       __guard_ehcont_?dllmain_dispatch@@YAHQEAUHINSTANCE__@@KQEAX@Z 0000000180000000     MSVCRT:dll_dllmain.obj
 0002:fffe8000       __guard_fids_?dllmain_dispatch@@YAHQEAUHINSTANCE__@@KQEAX@Z 0000000180000000     MSVCRT:dll_dllmain.obj
 0000:fffd9000       _volmd                     0000000180000000     MSVCRT:gs_report.obj
 0000:fffd9000       _volmd                     0000000180000000     MSVCRT:gs_report.obj
 0000:fffd9000       _volmd                     0000000180000000     MSVCRT:gs_report.obj
 0002:fffe8000       __guard_fids__             0000000180000000     MSVCRT:guard_support.obj
 0002:fffe8000       __guard_fids__             0000000180000000     MSVCRT:guard_support.obj
 0002:fffe8000       __guard_fids__guard_icall_checks_enforced 0000000180000000     MSVCRT:guard_support.obj
 0000:fffd9000       _volmd                     0000000180000000     MSVCRT:guard_support.obj
 0000:fffd9000       _volmd                     0000000180000000     MSVCRT:guard_support.obj
 0000:fffd9000       _volmd                     0000000180000000     MSVCRT:guard_support.obj
 0000:fffd9000       _volmd                     0000000180000000     MSVCRT:guard_support.obj
 0000:fffd9000       _volmd                     0000000180000000     MSVCRT:guard_support.obj
 0002:fffe8000       __guard_ehcont___scrt_is_nonwritable_in_current_image 0000000180000000     MSVCRT:utility.obj
 0000:fffd9000       _volmd                     0000000180000000     MSVCRT:utility.obj
 0000:fffd9000       _volmd                     0000000180000000     MSVCRT:utility.obj
 0000:fffd9000       _volmd                     0000000180000000     MSVCRT:utility.obj
 0002:fffe8000       __guard_fids___scrt_set_unhandled_exception_filter 0000000180000000     MSVCRT:utility_desktop.obj
 0000:fffd9000       _volmd                     0000000180000000     MSVCRT:utility_desktop.obj
 0000:00000000       .debug$S                   0000000180000000     vcruntime:VCRUNTIME140.dll
 0000:00000000       .debug$S                   0000000180000000     vcruntime:VCRUNTIME140.dll
 0000:00000000       .debug$S                   0000000180000000     vcruntime:VCRUNTIME140.dll
 0000:00000000       .debug$S                   0000000180000000     vcruntime:VCRUNTIME140.dll
 0000:00000000       .debug$S                   0000000180000000     vcruntime:VCRUNTIME140.dll
 0000:00000000       .debug$S                   0000000180000000     vcruntime:VCRUNTIME140.dll
 0000:00000000       .debug$S                   0000000180000000     ucrt:api-ms-win-crt-heap-l1-1-0.dll
 0000:00000000       .debug$S                   0000000180000000     ucrt:api-ms-win-crt-heap-l1-1-0.dll
 0000:00000000       .debug$S                   0000000180000000     ucrt:api-ms-win-crt-heap-l1-1-0.dll
 0000:00000000       .debug$S                   0000000180000000     ucrt:api-ms-win-crt-runtime-l1-1-0.dll
 0000:00000000       .debug$S                   0000000180000000     ucrt:api-ms-win-crt-runtime-l1-1-0.dll
 0000:00000000       .debug$S                   0000000180000000     ucrt:api-ms-win-crt-runtime-l1-1-0.dll
 0000:00000000       .debug$S                   0000000180000000     ucrt:api-ms-win-crt-runtime-l1-1-0.dll
 0000:00000000       .debug$S                   0000000180000000     ucrt:api-ms-win-crt-runtime-l1-1-0.dll
 0000:00000000       .debug$S                   0000000180000000     ucrt:api-ms-win-crt-runtime-l1-1-0.dll
 0000:00000000       .debug$S                   0000000180000000     ucrt:api-ms-win-crt-runtime-l1-1-0.dll
 0000:00000000       .debug$S                   0000000180000000     ucrt:api-ms-win-crt-runtime-l1-1-0.dll
 0000:00000000       .debug$S                   0000000180000000     ucrt:api-ms-win-crt-runtime-l1-1-0.dll
 0000:00000000       .debug$S                   0000000180000000     ucrt:api-ms-win-crt-runtime-l1-1-0.dll
 0000:00000000       .debug$S                   0000000180000000     ucrt:api-ms-win-crt-runtime-l1-1-0.dll
 0000:00000000       .debug$S                   0000000180000000     ucrt:api-ms-win-crt-runtime-l1-1-0.dll
 0000:00000000       .debug$S                   0000000180000000     ucrt:api-ms-win-crt-stdio-l1-1-0.dll
 0000:00000000       .debug$S                   0000000180000000     ucrt:api-ms-win-crt-string-l1-1-0.dll
 0000:00000000       .debug$S                   0000000180000000     ucrt:api-ms-win-crt-string-l1-1-0.dll
 0000:00000000       .debug$S                   0000000180000000     ucrt:api-ms-win-crt-time-l1-1-0.dll
 0000:00000000       .debug$S                   0000000180000000     ucrt:api-ms-win-crt-time-l1-1-0.dll
 0000:00000000       .debug$S                   0000000180000000     kernel32:KERNEL32.dll
 0000:00000000       .debug$S                   0000000180000000     kernel32:KERNEL32.dll
 0000:00000000       .debug$S                   0000000180000000     kernel32:KERNEL32.dll
 0000:00000000       .debug$S                   0000000180000000     kernel32:KERNEL32.dll
 0000:00000000       .debug$S                   0000000180000000     kernel32:KERNEL32.dll
 0000:00000000       .debug$S                   0000000180000000     kernel32:KERNEL32.dll
 0000:00000000       .debug$S                   0000000180000000     kernel32:KERNEL32.dll
 0000:00000000       .debug$S                   0000000180000000     kernel32:KERNEL32.dll
 0000:00000000       .debug$S                   0000000180000000     kernel32:KERNEL32.dll
 0000:00000000       .debug$S                   0000000180000000     kernel32:KERNEL32.dll
 0000:00000000       .debug$S                   0000000180000000     kernel32:KERNEL32.dll
 0000:00000000       .debug$S                   0000000180000000     kernel32:KERNEL32.dll
 0000:00000000       .debug$S                   0000000180000000     kernel32:KERNEL32.dll
 0000:00000000       .debug$S                   0000000180000000     kernel32:KERNEL32.dll
 0000:00000000       .debug$S                   0000000180000000     kernel32:KERNEL32.dll
 0000:00000000       .debug$S                   0000000180000000     kernel32:KERNEL32.dll
 0000:00000000       .debug$S                   0000000180000000     kernel32:KERNEL32.dll
 0000:00000000       .debug$S                   0000000180000000     libemlrt:libemlrt.dll
 0000:00000000       .debug$S                   0000000180000000     libemlrt:libemlrt.dll
 0000:00000000       .debug$S                   0000000180000000     libemlrt:libemlrt.dll
 0000:00000000       .debug$S                   0000000180000000     libemlrt:libemlrt.dll
 0000:00000000       .debug$S                   0000000180000000     libemlrt:libemlrt.dll
 0000:00000000       .debug$S                   0000000180000000     libmex:libmex.dll
 0000:00000000       .debug$S                   0000000180000000     libmex:libmex.dll
 0000:00000000       .debug$S                   0000000180000000     libmex:libmex.dll
 0000:00000000       .debug$S                   0000000180000000     libmex:libmex.dll
 0000:00000000       .debug$S                   0000000180000000     libmex:libmex.dll
 0000:00000000       .debug$S                   0000000180000000     libmwcgxert:libmwcgxert.dll
 0000:00000000       .debug$S                   0000000180000000     libmwcgxert:libmwcgxert.dll
 0000:00000000       .debug$S                   0000000180000000     libmwcgxert:libmwcgxert.dll
 0000:00000000       .debug$S                   0000000180000000     libmwcgxert:libmwcgxert.dll
 0000:00000000       .debug$S                   0000000180000000     libmwcgxert:libmwcgxert.dll
 0000:00000000       .debug$S                   0000000180000000     libmwcgxert:libmwcgxert.dll
 0000:00000000       .debug$S                   0000000180000000     libmwcgxert:libmwcgxert.dll
 0000:00000000       .debug$S                   0000000180000000     libmwcgxert:libmwcgxert.dll
 0000:00000000       .debug$S                   0000000180000000     libmwcgxert:libmwcgxert.dll
 0000:00000000       .debug$S                   0000000180000000     libmwmathutil:libmwmathutil.dll
 0000:00000000       .debug$S                   0000000180000000     libmwmathutil:libmwmathutil.dll
 0000:00000000       .debug$S                   0000000180000000     libmwmathutil:libmwmathutil.dll
 0000:00000000       .debug$S                   0000000180000000     libmwmathutil:libmwmathutil.dll
 0000:00000000       .debug$S                   0000000180000000     libmwmathutil:libmwmathutil.dll
 0000:00000000       .debug$S                   0000000180000000     libmwmathutil:libmwmathutil.dll
 0000:00000000       .debug$S                   0000000180000000     libmwmathutil:libmwmathutil.dll
 0000:00000000       .debug$S                   0000000180000000     libmwmathutil:libmwmathutil.dll
 0000:00000000       .debug$S                   0000000180000000     libmwmathutil:libmwmathutil.dll
 0000:00000000       .debug$S                   0000000180000000     libmwmathutil:libmwmathutil.dll
 0000:00000000       .debug$S                   0000000180000000     libmwmathutil:libmwmathutil.dll
 0000:00000000       .debug$S                   0000000180000000     libmx:libmx.dll
 0000:00000000       .debug$S                   0000000180000000     libmx:libmx.dll
 0000:00000000       .debug$S                   0000000180000000     libmx:libmx.dll
 0000:00000000       .debug$S                   0000000180000000     libmx:libmx.dll
 0000:00000000       .debug$S                   0000000180000000     libmx:libmx.dll
 0000:00000000       .debug$S                   0000000180000000     libmx:libmx.dll
 0000:00000000       .debug$S                   0000000180000000     libmx:libmx.dll
 0000:00000000       .debug$S                   0000000180000000     libmx:libmx.dll
 0000:00000000       .debug$S                   0000000180000000     libmx:libmx.dll
 0000:00000000       .debug$S                   0000000180000000     libmx:libmx.dll
 0000:00000000       .debug$S                   0000000180000000     libmx:libmx.dll
 0000:00000000       .debug$S                   0000000180000000     libmx:libmx.dll
 0000:00000000       .debug$S                   0000000180000000     libmx:libmx.dll
 0000:00000000       .debug$S                   0000000180000000     libmx:libmx.dll
 0000:00000000       .debug$S                   0000000180000000     libmx:libmx.dll
 0000:00000000       .debug$S                   0000000180000000     libmx:libmx.dll
 0000:00000000       .debug$S                   0000000180000000     libmx:libmx.dll
 0000:00000000       .debug$S                   0000000180000000     libmx:libmx.dll
 0000:00000000       .debug$S                   0000000180000000     libmx:libmx.dll
 0000:00000000       .debug$S                   0000000180000000     libmx:libmx.dll
 0000:fffd9010       _volmd                     0000000180000010     Quadrature_Phase_Shift_Keying_cgxe_registry.obj
 0000:fffd9010       _volmd                     0000000180000010     m_Jf2lRQWLrP2B1g4UrAzlsF.obj
 0000:fffd9010       _volmd                     0000000180000010     m_UGsKOob1SZ1GnhcskvCSLB.obj
 0000:fffd9020       _volmd                     0000000180000020     Quadrature_Phase_Shift_Keying_cgxe_registry.obj
 0000:fffd9020       _volmd                     0000000180000020     m_Jf2lRQWLrP2B1g4UrAzlsF.obj
 0000:fffd9020       _volmd                     0000000180000020     m_UGsKOob1SZ1GnhcskvCSLB.obj
 0000:fffd9030       _volmd                     0000000180000030     Quadrature_Phase_Shift_Keying_cgxe_registry.obj
 0000:fffd9030       _volmd                     0000000180000030     m_Jf2lRQWLrP2B1g4UrAzlsF.obj
 0000:fffd9030       _volmd                     0000000180000030     m_UGsKOob1SZ1GnhcskvCSLB.obj
 0000:fffd9040       _volmd                     0000000180000040     Quadrature_Phase_Shift_Keying_cgxe_registry.obj
 0000:fffd9040       _volmd                     0000000180000040     m_Jf2lRQWLrP2B1g4UrAzlsF.obj
 0000:fffd9040       _volmd                     0000000180000040     m_UGsKOob1SZ1GnhcskvCSLB.obj
 0000:fffd9050       _volmd                     0000000180000050     Quadrature_Phase_Shift_Keying_cgxe_registry.obj
 0000:fffd9050       _volmd                     0000000180000050     m_Jf2lRQWLrP2B1g4UrAzlsF.obj
 0000:fffd9050       _volmd                     0000000180000050     m_UGsKOob1SZ1GnhcskvCSLB.obj
 0000:fffd9060       _volmd                     0000000180000060     Quadrature_Phase_Shift_Keying_cgxe_registry.obj
 0000:fffd9060       _volmd                     0000000180000060     m_Jf2lRQWLrP2B1g4UrAzlsF.obj
 0000:fffd9060       _volmd                     0000000180000060     m_UGsKOob1SZ1GnhcskvCSLB.obj
 0000:fffd9070       _volmd                     0000000180000070     Quadrature_Phase_Shift_Keying_cgxe_registry.obj
 0000:fffd9070       _volmd                     0000000180000070     m_Jf2lRQWLrP2B1g4UrAzlsF.obj
 0000:fffd9070       _volmd                     0000000180000070     m_UGsKOob1SZ1GnhcskvCSLB.obj
 0000:fffd9080       _volmd                     0000000180000080     Quadrature_Phase_Shift_Keying_cgxe_registry.obj
 0000:fffd9080       _volmd                     0000000180000080     m_Jf2lRQWLrP2B1g4UrAzlsF.obj
 0000:fffd9080       _volmd                     0000000180000080     m_UGsKOob1SZ1GnhcskvCSLB.obj
 0000:fffd9090       _volmd                     0000000180000090     Quadrature_Phase_Shift_Keying_cgxe_registry.obj
 0000:fffd9090       _volmd                     0000000180000090     m_UGsKOob1SZ1GnhcskvCSLB.obj
 0000:fffd90a0       _volmd                     00000001800000a0     Quadrature_Phase_Shift_Keying_cgxe_registry.obj
 0000:fffd90a0       _volmd                     00000001800000a0     m_UGsKOob1SZ1GnhcskvCSLB.obj
 0000:fffd90b0       _volmd                     00000001800000b0     Quadrature_Phase_Shift_Keying_cgxe_registry.obj
 0000:fffd90c0       _volmd                     00000001800000c0     Quadrature_Phase_Shift_Keying_cgxe_registry.obj
 0000:fffd90d0       _volmd                     00000001800000d0     Quadrature_Phase_Shift_Keying_cgxe_registry.obj
 0000:fffd90e0       _volmd                     00000001800000e0     Quadrature_Phase_Shift_Keying_cgxe_registry.obj
 0001:00000140       localtime                  0000000180001140 f   m_Jf2lRQWLrP2B1g4UrAzlsF.obj
 0001:00000160       time                       0000000180001160 f   m_Jf2lRQWLrP2B1g4UrAzlsF.obj
 0001:000001d0       cgxe_mdl_start             00000001800011d0 f   m_Jf2lRQWLrP2B1g4UrAzlsF.obj
 0001:000002c0       cgxe_mdl_initialize        00000001800012c0 f   m_Jf2lRQWLrP2B1g4UrAzlsF.obj
 0001:000003a0       cgxe_mdl_outputs           00000001800013a0 f   m_Jf2lRQWLrP2B1g4UrAzlsF.obj
 0001:00000490       cgxe_mdl_update            0000000180001490 f   m_Jf2lRQWLrP2B1g4UrAzlsF.obj
 0001:000004a0       cgxe_mdl_derivative        00000001800014a0 f   m_Jf2lRQWLrP2B1g4UrAzlsF.obj
 0001:000004b0       cgxe_mdl_enable            00000001800014b0 f   m_Jf2lRQWLrP2B1g4UrAzlsF.obj
 0001:000004c0       cgxe_mdl_disable           00000001800014c0 f   m_Jf2lRQWLrP2B1g4UrAzlsF.obj
 0001:000004d0       cgxe_mdl_terminate         00000001800014d0 f   m_Jf2lRQWLrP2B1g4UrAzlsF.obj
 0001:00000520       mw__internal__system__init__fcn 0000000180001520 f   m_Jf2lRQWLrP2B1g4UrAzlsF.obj
 0001:00000650       mw__internal__call__setup  0000000180001650 f   m_Jf2lRQWLrP2B1g4UrAzlsF.obj
 0001:00000880       AWGNChannelBase_set_SNR    0000000180001880 f   m_Jf2lRQWLrP2B1g4UrAzlsF.obj
 0001:00000bb0       AWGNChannelBase_set_SignalPower 0000000180001bb0 f   m_Jf2lRQWLrP2B1g4UrAzlsF.obj
 0001:00001400       SystemCore_setup           0000000180002400 f   m_Jf2lRQWLrP2B1g4UrAzlsF.obj
 0001:00002050       now                        0000000180003050 f   m_Jf2lRQWLrP2B1g4UrAzlsF.obj
 0001:00002480       b_mod                      0000000180003480 f   m_Jf2lRQWLrP2B1g4UrAzlsF.obj
 0001:00002540       mt19937ar_reset            0000000180003540 f   m_Jf2lRQWLrP2B1g4UrAzlsF.obj
 0001:00002610       AWGNChannelBase_getStandardDeviation 0000000180003610 f   m_Jf2lRQWLrP2B1g4UrAzlsF.obj
 0001:00002950       SystemCore_checkTunablePropChange 0000000180003950 f   m_Jf2lRQWLrP2B1g4UrAzlsF.obj
 0001:00002b50       mw__internal__call__reset  0000000180003b50 f   m_Jf2lRQWLrP2B1g4UrAzlsF.obj
 0001:00003230       mw__internal__call__step   0000000180004230 f   m_Jf2lRQWLrP2B1g4UrAzlsF.obj
 0001:00003f00       randn                      0000000180004f00 f   m_Jf2lRQWLrP2B1g4UrAzlsF.obj
 0001:00004290       genrandu                   0000000180005290 f   m_Jf2lRQWLrP2B1g4UrAzlsF.obj
 0001:00004340       message                    0000000180005340 f   m_Jf2lRQWLrP2B1g4UrAzlsF.obj
 0001:000043e0       getString                  00000001800053e0 f   m_Jf2lRQWLrP2B1g4UrAzlsF.obj
 0001:00004450       error                      0000000180005450 f   m_Jf2lRQWLrP2B1g4UrAzlsF.obj
 0001:000044e0       b_message                  00000001800054e0 f   m_Jf2lRQWLrP2B1g4UrAzlsF.obj
 0001:00004550       eml_rand_shr3cong          0000000180005550 f   m_Jf2lRQWLrP2B1g4UrAzlsF.obj
 0001:00004aa0       eml_rand_mt19937ar         0000000180005aa0 f   m_Jf2lRQWLrP2B1g4UrAzlsF.obj
 0001:00004d70       genrand_uint32_vector      0000000180005d70 f   m_Jf2lRQWLrP2B1g4UrAzlsF.obj
 0001:00005020       b_genrandu                 0000000180006020 f   m_Jf2lRQWLrP2B1g4UrAzlsF.obj
 0001:00005360       init_simulink_io_address   0000000180006360 f   m_Jf2lRQWLrP2B1g4UrAzlsF.obj
 0001:000053d0       mdlOutputs_Jf2lRQWLrP2B1g4UrAzlsF 00000001800063d0 f   m_Jf2lRQWLrP2B1g4UrAzlsF.obj
 0001:00005410       mdlInitialize_Jf2lRQWLrP2B1g4UrAzlsF 0000000180006410 f   m_Jf2lRQWLrP2B1g4UrAzlsF.obj
 0001:00005440       mdlUpdate_Jf2lRQWLrP2B1g4UrAzlsF 0000000180006440 f   m_Jf2lRQWLrP2B1g4UrAzlsF.obj
 0001:00005480       mdlDerivatives_Jf2lRQWLrP2B1g4UrAzlsF 0000000180006480 f   m_Jf2lRQWLrP2B1g4UrAzlsF.obj
 0001:000054b0       mdlTerminate_Jf2lRQWLrP2B1g4UrAzlsF 00000001800064b0 f   m_Jf2lRQWLrP2B1g4UrAzlsF.obj
 0001:000054f0       mdlEnable_Jf2lRQWLrP2B1g4UrAzlsF 00000001800064f0 f   m_Jf2lRQWLrP2B1g4UrAzlsF.obj
 0001:00005520       mdlDisable_Jf2lRQWLrP2B1g4UrAzlsF 0000000180006520 f   m_Jf2lRQWLrP2B1g4UrAzlsF.obj
 0001:00005550       mdlStart_Jf2lRQWLrP2B1g4UrAzlsF 0000000180006550 f   m_Jf2lRQWLrP2B1g4UrAzlsF.obj
 0001:00005660       mdlProcessParameters_Jf2lRQWLrP2B1g4UrAzlsF 0000000180006660 f   m_Jf2lRQWLrP2B1g4UrAzlsF.obj
 0001:000059b0       localtime                  00000001800069b0 f   m_UGsKOob1SZ1GnhcskvCSLB.obj
 0001:000059d0       time                       00000001800069d0 f   m_UGsKOob1SZ1GnhcskvCSLB.obj
 0001:00005a40       cgxe_mdl_start             0000000180006a40 f   m_UGsKOob1SZ1GnhcskvCSLB.obj
 0001:00005b30       cgxe_mdl_initialize        0000000180006b30 f   m_UGsKOob1SZ1GnhcskvCSLB.obj
 0001:00005c10       cgxe_mdl_outputs           0000000180006c10 f   m_UGsKOob1SZ1GnhcskvCSLB.obj
 0001:00005cf0       cgxe_mdl_update            0000000180006cf0 f   m_UGsKOob1SZ1GnhcskvCSLB.obj
 0001:00005d00       cgxe_mdl_derivative        0000000180006d00 f   m_UGsKOob1SZ1GnhcskvCSLB.obj
 0001:00005d10       cgxe_mdl_enable            0000000180006d10 f   m_UGsKOob1SZ1GnhcskvCSLB.obj
 0001:00005d20       cgxe_mdl_disable           0000000180006d20 f   m_UGsKOob1SZ1GnhcskvCSLB.obj
 0001:00005d30       cgxe_mdl_terminate         0000000180006d30 f   m_UGsKOob1SZ1GnhcskvCSLB.obj
 0001:00005d80       mw__internal__system__init__fcn 0000000180006d80 f   m_UGsKOob1SZ1GnhcskvCSLB.obj
 0001:00005eb0       mw__internal__call__setup  0000000180006eb0 f   m_UGsKOob1SZ1GnhcskvCSLB.obj
 0001:000060e0       AWGNChannelBase_set_SNR    00000001800070e0 f   m_UGsKOob1SZ1GnhcskvCSLB.obj
 0001:00006410       AWGNChannelBase_set_SignalPower 0000000180007410 f   m_UGsKOob1SZ1GnhcskvCSLB.obj
 0001:00006c60       SystemCore_setup           0000000180007c60 f   m_UGsKOob1SZ1GnhcskvCSLB.obj
 0001:000078b0       now                        00000001800088b0 f   m_UGsKOob1SZ1GnhcskvCSLB.obj
 0001:00007ce0       b_mod                      0000000180008ce0 f   m_UGsKOob1SZ1GnhcskvCSLB.obj
 0001:00007da0       mt19937ar_reset            0000000180008da0 f   m_UGsKOob1SZ1GnhcskvCSLB.obj
 0001:00007e70       AWGNChannelBase_getStandardDeviation 0000000180008e70 f   m_UGsKOob1SZ1GnhcskvCSLB.obj
 0001:000081b0       SystemCore_checkTunablePropChange 00000001800091b0 f   m_UGsKOob1SZ1GnhcskvCSLB.obj
 0001:000083b0       mw__internal__call__reset  00000001800093b0 f   m_UGsKOob1SZ1GnhcskvCSLB.obj
 0001:00008a90       mw__internal__call__step   0000000180009a90 f   m_UGsKOob1SZ1GnhcskvCSLB.obj
 0001:00009830       complexLike                000000018000a830 f   m_UGsKOob1SZ1GnhcskvCSLB.obj
 0001:0000a450       genrandu                   000000018000b450 f   m_UGsKOob1SZ1GnhcskvCSLB.obj
 0001:0000a500       eml_rand_mt19937ar_stateful 000000018000b500 f   m_UGsKOob1SZ1GnhcskvCSLB.obj
 0001:0000a730       message                    000000018000b730 f   m_UGsKOob1SZ1GnhcskvCSLB.obj
 0001:0000a7d0       getString                  000000018000b7d0 f   m_UGsKOob1SZ1GnhcskvCSLB.obj
 0001:0000a840       error                      000000018000b840 f   m_UGsKOob1SZ1GnhcskvCSLB.obj
 0001:0000a8d0       b_message                  000000018000b8d0 f   m_UGsKOob1SZ1GnhcskvCSLB.obj
 0001:0000a940       genrandn                   000000018000b940 f   m_UGsKOob1SZ1GnhcskvCSLB.obj
 0001:0000ae50       eml_rand_mt19937ar         000000018000be50 f   m_UGsKOob1SZ1GnhcskvCSLB.obj
 0001:0000b120       genrand_uint32_vector      000000018000c120 f   m_UGsKOob1SZ1GnhcskvCSLB.obj
 0001:0000b3d0       b_genrandu                 000000018000c3d0 f   m_UGsKOob1SZ1GnhcskvCSLB.obj
 0001:0000b710       init_simulink_io_address   000000018000c710 f   m_UGsKOob1SZ1GnhcskvCSLB.obj
 0001:0000b780       mdlOutputs_UGsKOob1SZ1GnhcskvCSLB 000000018000c780 f   m_UGsKOob1SZ1GnhcskvCSLB.obj
 0001:0000b7c0       mdlInitialize_UGsKOob1SZ1GnhcskvCSLB 000000018000c7c0 f   m_UGsKOob1SZ1GnhcskvCSLB.obj
 0001:0000b7f0       mdlUpdate_UGsKOob1SZ1GnhcskvCSLB 000000018000c7f0 f   m_UGsKOob1SZ1GnhcskvCSLB.obj
 0001:0000b830       mdlDerivatives_UGsKOob1SZ1GnhcskvCSLB 000000018000c830 f   m_UGsKOob1SZ1GnhcskvCSLB.obj
 0001:0000b860       mdlTerminate_UGsKOob1SZ1GnhcskvCSLB 000000018000c860 f   m_UGsKOob1SZ1GnhcskvCSLB.obj
 0001:0000b8a0       mdlEnable_UGsKOob1SZ1GnhcskvCSLB 000000018000c8a0 f   m_UGsKOob1SZ1GnhcskvCSLB.obj
 0001:0000b8d0       mdlDisable_UGsKOob1SZ1GnhcskvCSLB 000000018000c8d0 f   m_UGsKOob1SZ1GnhcskvCSLB.obj
 0001:0000b900       mdlStart_UGsKOob1SZ1GnhcskvCSLB 000000018000c900 f   m_UGsKOob1SZ1GnhcskvCSLB.obj
 0001:0000ba10       mdlProcessParameters_UGsKOob1SZ1GnhcskvCSLB 000000018000ca10 f   m_UGsKOob1SZ1GnhcskvCSLB.obj
 0001:0000daec       $LN147                     000000018000eaec     Quadrature_Phase_Shift_Keying_cgxe_registry.obj
 0001:0000e954       $LN22                      000000018000f954     Quadrature_Phase_Shift_Keying_cgxe_registry.obj
 0001:0000f054       $LN26                      0000000180010054     Quadrature_Phase_Shift_Keying_cgxe_registry.obj
 0001:0000f734       $LN24                      0000000180010734     Quadrature_Phase_Shift_Keying_cgxe_registry.obj
 0001:0001046c       $LN30                      000000018001146c     Quadrature_Phase_Shift_Keying_cgxe_registry.obj
 0001:00012e50       mdlStart                   0000000180013e50 f   Quadrature_Phase_Shift_Keying_cgxe_registry.obj
 0001:00012e90       mdlInitializeConditions    0000000180013e90 f   Quadrature_Phase_Shift_Keying_cgxe_registry.obj
 0001:00012eb0       mdlUpdate                  0000000180013eb0 f   Quadrature_Phase_Shift_Keying_cgxe_registry.obj
 0001:00012ee0       mdlOutputs                 0000000180013ee0 f   Quadrature_Phase_Shift_Keying_cgxe_registry.obj
[...]
 0003:00008a08       $SG21250                   0000000180023a08     Quadrature_Phase_Shift_Keying_cgxe_registry.obj
 0003:00008a48       $SG21251                   0000000180023a48     Quadrature_Phase_Shift_Keying_cgxe_registry.obj
 0003:00008a58       $SG21252                   0000000180023a58     Quadrature_Phase_Shift_Keying_cgxe_registry.obj
 0003:00008a60       $SG21256                   0000000180023a60     Quadrature_Phase_Shift_Keying_cgxe_registry.obj
 0003:00008aa8       $SG21257                   0000000180023aa8     Quadrature_Phase_Shift_Keying_cgxe_registry.obj
 0003:00008ab8       $SG21258                   0000000180023ab8     Quadrature_Phase_Shift_Keying_cgxe_registry.obj
 0003:00008ac0       $SG21259                   0000000180023ac0     Quadrature_Phase_Shift_Keying_cgxe_registry.obj
 0003:00008b18       $SG21260                   0000000180023b18     Quadrature_Phase_Shift_Keying_cgxe_registry.obj
 0003:00008b28       $SG21261                   0000000180023b28     Quadrature_Phase_Shift_Keying_cgxe_registry.obj
 0003:00008b30       $SG21283                   0000000180023b30     Quadrature_Phase_Shift_Keying_cgxe_registry.obj
 0003:00008b70       $SG21284                   0000000180023b70     Quadrature_Phase_Shift_Keying_cgxe_registry.obj
 0003:00008b80       $SG21285                   0000000180023b80     Quadrature_Phase_Shift_Keying_cgxe_registry.obj
 0003:00008b88       $SG21291                   0000000180023b88     Quadrature_Phase_Shift_Keying_cgxe_registry.obj
 0003:00008b90       $SG21289                   0000000180023b90     Quadrature_Phase_Shift_Keying_cgxe_registry.obj
 0003:00008bd8       $SG21290                   0000000180023bd8     Quadrature_Phase_Shift_Keying_cgxe_registry.obj
 0003:00008be8       $SG21294                   0000000180023be8     Quadrature_Phase_Shift_Keying_cgxe_registry.obj
 0003:00008bf0       $SG21292                   0000000180023bf0     Quadrature_Phase_Shift_Keying_cgxe_registry.obj
 0003:00008c48       $SG21293                   0000000180023c48     Quadrature_Phase_Shift_Keying_cgxe_registry.obj
 0003:00008c58       $SG21320                   0000000180023c58     Quadrature_Phase_Shift_Keying_cgxe_registry.obj
 0003:00008c60       $SG21318                   0000000180023c60     Quadrature_Phase_Shift_Keying_cgxe_registry.obj
 0003:00008cb0       $SG21319                   0000000180023cb0     Quadrature_Phase_Shift_Keying_cgxe_registry.obj
 0003:00008cc0       $SG21332                   0000000180023cc0     Quadrature_Phase_Shift_Keying_cgxe_registry.obj
 0003:00008d20       $SG21333                   0000000180023d20     Quadrature_Phase_Shift_Keying_cgxe_registry.obj
 0003:00008d28       $SG21334                   0000000180023d28     Quadrature_Phase_Shift_Keying_cgxe_registry.obj
 0003:00008d30       $SG21346                   0000000180023d30     Quadrature_Phase_Shift_Keying_cgxe_registry.obj
 0003:00008d90       $SG21347                   0000000180023d90     Quadrature_Phase_Shift_Keying_cgxe_registry.obj
 0003:00008d98       $SG21348                   0000000180023d98     Quadrature_Phase_Shift_Keying_cgxe_registry.obj
 0003:00008da0       $SG21701                   0000000180023da0     Quadrature_Phase_Shift_Keying_cgxe_registry.obj
 0003:00008e18       $SG22323                   0000000180023e18     Quadrature_Phase_Shift_Keying_cgxe_registry.obj
 0003:00008e30       $SG21704                   0000000180023e30     Quadrature_Phase_Shift_Keying_cgxe_registry.obj
 0003:00008ea4       $SG22394                   0000000180023ea4     Quadrature_Phase_Shift_Keying_cgxe_registry.obj
 0003:00008eb0       $SG21709                   0000000180023eb0     Quadrature_Phase_Shift_Keying_cgxe_registry.obj
 0003:00008f28       $SG22395                   0000000180023f28     Quadrature_Phase_Shift_Keying_cgxe_registry.obj
 0003:00008f30       $SG21717                   0000000180023f30     Quadrature_Phase_Shift_Keying_cgxe_registry.obj
 0003:00008fa0       $SG21992                   0000000180023fa0     Quadrature_Phase_Shift_Keying_cgxe_registry.obj
 0003:00009018       $SG22396                   0000000180024018     Quadrature_Phase_Shift_Keying_cgxe_registry.obj
 0003:00009020       $SG21997                   0000000180024020     Quadrature_Phase_Shift_Keying_cgxe_registry.obj
 0003:00009098       $SG22402                   0000000180024098     Quadrature_Phase_Shift_Keying_cgxe_registry.obj
 0003:000090a0       $SG22336                   00000001800240a0     Quadrature_Phase_Shift_Keying_cgxe_registry.obj
 0003:00009118       $SG22405                   0000000180024118     Quadrature_Phase_Shift_Keying_cgxe_registry.obj
 0003:00009120       $SG22397                   0000000180024120     Quadrature_Phase_Shift_Keying_cgxe_registry.obj
 0003:00009198       $SG22408                   0000000180024198     Quadrature_Phase_Shift_Keying_cgxe_registry.obj
 0003:000091a0       $SG22399                   00000001800241a0     Quadrature_Phase_Shift_Keying_cgxe_registry.obj
 0003:00009220       $SG22409                   0000000180024220     Quadrature_Phase_Shift_Keying_cgxe_registry.obj
 0003:000092a0       $SG22410                   00000001800242a0     Quadrature_Phase_Shift_Keying_cgxe_registry.obj
 0003:000092b0       $SG22412                   00000001800242b0     Quadrature_Phase_Shift_Keying_cgxe_registry.obj
 0003:000092bc       $SG22414                   00000001800242bc     Quadrature_Phase_Shift_Keying_cgxe_registry.obj
 0003:000092c4       $SG22416                   00000001800242c4     Quadrature_Phase_Shift_Keying_cgxe_registry.obj
 0003:000092d0       $SG22418                   00000001800242d0     Quadrature_Phase_Shift_Keying_cgxe_registry.obj
 0003:000092e0       $SG22423                   00000001800242e0     Quadrature_Phase_Shift_Keying_cgxe_registry.obj
 0003:000093c8       $SG22541                   00000001800243c8     Quadrature_Phase_Shift_Keying_cgxe_registry.obj
 0003:000093f8       $SG22542                   00000001800243f8     Quadrature_Phase_Shift_Keying_cgxe_registry.obj
 0003:00009408       $SG22543                   0000000180024408     Quadrature_Phase_Shift_Keying_cgxe_registry.obj
 0003:00009410       $SG22545                   0000000180024410     Quadrature_Phase_Shift_Keying_cgxe_registry.obj
 0003:00009448       $SG22546                   0000000180024448     Quadrature_Phase_Shift_Keying_cgxe_registry.obj
 0003:00009458       $SG22547                   0000000180024458     Quadrature_Phase_Shift_Keying_cgxe_registry.obj
 0003:00009460       $SG22550                   0000000180024460     Quadrature_Phase_Shift_Keying_cgxe_registry.obj
 0003:00009498       $SG22551                   0000000180024498     Quadrature_Phase_Shift_Keying_cgxe_registry.obj
 0003:000094a8       $SG22552                   00000001800244a8     Quadrature_Phase_Shift_Keying_cgxe_registry.obj
 0003:000094b0       $SG22554                   00000001800244b0     Quadrature_Phase_Shift_Keying_cgxe_registry.obj
 0003:000094e8       $SG22555                   00000001800244e8     Quadrature_Phase_Shift_Keying_cgxe_registry.obj
 0003:000094f8       $SG22556                   00000001800244f8     Quadrature_Phase_Shift_Keying_cgxe_registry.obj
 0003:00009500       $SG22558                   0000000180024500     Quadrature_Phase_Shift_Keying_cgxe_registry.obj
 0003:00009538       $SG22559                   0000000180024538     Quadrature_Phase_Shift_Keying_cgxe_registry.obj
 0003:00009548       $SG22560                   0000000180024548     Quadrature_Phase_Shift_Keying_cgxe_registry.obj
 0003:00009550       $SG22563                   0000000180024550     Quadrature_Phase_Shift_Keying_cgxe_registry.obj
 0003:00009578       $SG22565                   0000000180024578     Quadrature_Phase_Shift_Keying_cgxe_registry.obj
 0003:00009590       $SG22566                   0000000180024590     Quadrature_Phase_Shift_Keying_cgxe_registry.obj
 0003:000095c8       $SG22567                   00000001800245c8     Quadrature_Phase_Shift_Keying_cgxe_registry.obj
 0003:000095d8       $SG22568                   00000001800245d8     Quadrature_Phase_Shift_Keying_cgxe_registry.obj
 0003:000095e0       $SG22703                   00000001800245e0     Quadrature_Phase_Shift_Keying_cgxe_registry.obj
 0003:00009600       $SG22704                   0000000180024600     Quadrature_Phase_Shift_Keying_cgxe_registry.obj
 0003:00009690       $SG22710                   0000000180024690     Quadrature_Phase_Shift_Keying_cgxe_registry.obj
 0003:000096a8       $SG22717                   00000001800246a8     Quadrature_Phase_Shift_Keying_cgxe_registry.obj
 0003:000096c0       $SG22711                   00000001800246c0     Quadrature_Phase_Shift_Keying_cgxe_registry.obj
 0003:00009750       $SG22718                   0000000180024750     Quadrature_Phase_Shift_Keying_cgxe_registry.obj
 0003:000097e0       $SG22724                   00000001800247e0     Quadrature_Phase_Shift_Keying_cgxe_registry.obj
 0003:00009800       $SG22725                   0000000180024800     Quadrature_Phase_Shift_Keying_cgxe_registry.obj
 0003:00009890       $SG22731                   0000000180024890     Quadrature_Phase_Shift_Keying_cgxe_registry.obj
 0003:000098b0       $SG22732                   00000001800248b0     Quadrature_Phase_Shift_Keying_cgxe_registry.obj
 0003:00009940       $SG22736                   0000000180024940     Quadrature_Phase_Shift_Keying_cgxe_registry.obj
 0003:00009960       $SG22737                   0000000180024960     Quadrature_Phase_Shift_Keying_cgxe_registry.obj
 0003:000099f0       $SG22741                   00000001800249f0     Quadrature_Phase_Shift_Keying_cgxe_registry.obj
 0003:00009a18       $SG22746                   0000000180024a18     Quadrature_Phase_Shift_Keying_cgxe_registry.obj
 0003:00009a40       $SG22742                   0000000180024a40     Quadrature_Phase_Shift_Keying_cgxe_registry.obj
 0003:00009ad0       $SG22747                   0000000180024ad0     Quadrature_Phase_Shift_Keying_cgxe_registry.obj
 0003:00009b60       $SG22751                   0000000180024b60     Quadrature_Phase_Shift_Keying_cgxe_registry.obj
 0003:00009b80       $SG22752                   0000000180024b80     Quadrature_Phase_Shift_Keying_cgxe_registry.obj
 0003:00009c10       $SG22756                   0000000180024c10     Quadrature_Phase_Shift_Keying_cgxe_registry.obj
 0003:00009c30       $SG22757                   0000000180024c30     Quadrature_Phase_Shift_Keying_cgxe_registry.obj
 0003:00009cc0       $SG22761                   0000000180024cc0     Quadrature_Phase_Shift_Keying_cgxe_registry.obj
 0003:00009cd8       $SG22797                   0000000180024cd8     Quadrature_Phase_Shift_Keying_cgxe_registry.obj
 0003:00009cf0       $SG22762                   0000000180024cf0     Quadrature_Phase_Shift_Keying_cgxe_registry.obj
 0003:00009d80       $SG22766                   0000000180024d80     Quadrature_Phase_Shift_Keying_cgxe_registry.obj
 0003:00009da0       $SG22767                   0000000180024da0     Quadrature_Phase_Shift_Keying_cgxe_registry.obj
 0003:00009e30       $SG22771                   0000000180024e30     Quadrature_Phase_Shift_Keying_cgxe_registry.obj
 0003:00009e50       $SG22772                   0000000180024e50     Quadrature_Phase_Shift_Keying_cgxe_registry.obj
 0003:00009ee0       $SG22776                   0000000180024ee0     Quadrature_Phase_Shift_Keying_cgxe_registry.obj
 0003:00009f00       $SG22777                   0000000180024f00     Quadrature_Phase_Shift_Keying_cgxe_registry.obj
 0003:00009f90       $SG22781                   0000000180024f90     Quadrature_Phase_Shift_Keying_cgxe_registry.obj
 0003:00009fb0       $SG22782                   0000000180024fb0     Quadrature_Phase_Shift_Keying_cgxe_registry.obj
 0003:0000a040       $SG22786                   0000000180025040     Quadrature_Phase_Shift_Keying_cgxe_registry.obj
 0003:0000a060       $SG22787                   0000000180025060     Quadrature_Phase_Shift_Keying_cgxe_registry.obj
 0003:0000a0f0       $SG22791                   00000001800250f0     Quadrature_Phase_Shift_Keying_cgxe_registry.obj
 0003:0000a110       $SG22792                   0000000180025110     Quadrature_Phase_Shift_Keying_cgxe_registry.obj
 0003:0000a1a0       $SG22798                   00000001800251a0     Quadrature_Phase_Shift_Keying_cgxe_registry.obj
 0003:0000a230       $SG22803                   0000000180025230     Quadrature_Phase_Shift_Keying_cgxe_registry.obj
 0003:0000a248       $SG22813                   0000000180025248     Quadrature_Phase_Shift_Keying_cgxe_registry.obj
 0003:0000a260       $SG22804                   0000000180025260     Quadrature_Phase_Shift_Keying_cgxe_registry.obj
 0003:0000a2f0       $SG22808                   00000001800252f0     Quadrature_Phase_Shift_Keying_cgxe_registry.obj
 0003:0000a300       $SG22809                   0000000180025300     Quadrature_Phase_Shift_Keying_cgxe_registry.obj
 0003:0000a390       $SG22814                   0000000180025390     Quadrature_Phase_Shift_Keying_cgxe_registry.obj
 0003:0000a420       $SG22822                   0000000180025420     Quadrature_Phase_Shift_Keying_cgxe_registry.obj
 0003:0000a430       $SG22823                   0000000180025430     Quadrature_Phase_Shift_Keying_cgxe_registry.obj
 0003:0000a4c0       $SG22827                   00000001800254c0     Quadrature_Phase_Shift_Keying_cgxe_registry.obj
 0003:0000a540       $SG22829                   0000000180025540     Quadrature_Phase_Shift_Keying_cgxe_registry.obj
 0003:0000a5b8       $SG22876                   00000001800255b8     Quadrature_Phase_Shift_Keying_cgxe_registry.obj
 0003:0000a5c8       $SG22957                   00000001800255c8     Quadrature_Phase_Shift_Keying_cgxe_registry.obj
 0003:0000a5d0       $SG22833                   00000001800255d0     Quadrature_Phase_Shift_Keying_cgxe_registry.obj
 0003:0000a648       $SG22887                   0000000180025648     Quadrature_Phase_Shift_Keying_cgxe_registry.obj
 0003:0000a658       $SG22958                   0000000180025658     Quadrature_Phase_Shift_Keying_cgxe_registry.obj
 0003:0000a660       $SG22863                   0000000180025660     Quadrature_Phase_Shift_Keying_cgxe_registry.obj
 0003:0000a778       $SG22900                   0000000180025778     Quadrature_Phase_Shift_Keying_cgxe_registry.obj
 0003:0000a788       $SG22911                   0000000180025788     Quadrature_Phase_Shift_Keying_cgxe_registry.obj
 0003:0000a798       $SG22924                   0000000180025798     Quadrature_Phase_Shift_Keying_cgxe_registry.obj
 0003:0000a7a8       $SG22935                   00000001800257a8     Quadrature_Phase_Shift_Keying_cgxe_registry.obj
 0003:0000a7b8       $SG22945                   00000001800257b8     Quadrature_Phase_Shift_Keying_cgxe_registry.obj
 0003:0000a7d8       $SG22956                   00000001800257d8     Quadrature_Phase_Shift_Keying_cgxe_registry.obj
 0003:0000a808       $SG22969                   0000000180025808     Quadrature_Phase_Shift_Keying_cgxe_registry.obj
 0003:0000a840       $SG22970                   0000000180025840     Quadrature_Phase_Shift_Keying_cgxe_registry.obj
 0003:0000a848       $SG22971                   0000000180025848     Quadrature_Phase_Shift_Keying_cgxe_registry.obj
 0003:0000a890       $SG21971                   0000000180025890     m_Jf2lRQWLrP2B1g4UrAzlsF.obj
 0003:0000a891       $SG21972                   0000000180025891     m_Jf2lRQWLrP2B1g4UrAzlsF.obj
 0003:0000a892       $SG21974                   0000000180025892     m_Jf2lRQWLrP2B1g4UrAzlsF.obj
 0003:0000a893       $SG21975                   0000000180025893     m_Jf2lRQWLrP2B1g4UrAzlsF.obj
 0003:0000a894       $SG21977                   0000000180025894     m_Jf2lRQWLrP2B1g4UrAzlsF.obj
 0003:0000a895       $SG21978                   0000000180025895     m_Jf2lRQWLrP2B1g4UrAzlsF.obj
 0003:0000a896       $SG21980                   0000000180025896     m_Jf2lRQWLrP2B1g4UrAzlsF.obj
 0003:0000a897       $SG21981                   0000000180025897     m_Jf2lRQWLrP2B1g4UrAzlsF.obj
 0003:0000a898       $SG22058                   0000000180025898     m_Jf2lRQWLrP2B1g4UrAzlsF.obj
 0003:0000a899       $SG22059                   0000000180025899     m_Jf2lRQWLrP2B1g4UrAzlsF.obj
 0003:0000a89a       $SG22061                   000000018002589a     m_Jf2lRQWLrP2B1g4UrAzlsF.obj
 0003:0000a89b       $SG22062                   000000018002589b     m_Jf2lRQWLrP2B1g4UrAzlsF.obj
 0003:0000a89c       $SG22064                   000000018002589c     m_Jf2lRQWLrP2B1g4UrAzlsF.obj
 0003:0000a89d       $SG22065                   000000018002589d     m_Jf2lRQWLrP2B1g4UrAzlsF.obj
 0003:0000a89e       $SG22067                   000000018002589e     m_Jf2lRQWLrP2B1g4UrAzlsF.obj
 0003:0000a89f       $SG22068                   000000018002589f     m_Jf2lRQWLrP2B1g4UrAzlsF.obj
 0003:0000a8a0       $SG23392                   00000001800258a0     m_Jf2lRQWLrP2B1g4UrAzlsF.obj
 0003:0000a8a1       $SG23393                   00000001800258a1     m_Jf2lRQWLrP2B1g4UrAzlsF.obj
 0003:0000a8a2       $SG21971                   00000001800258a2     m_UGsKOob1SZ1GnhcskvCSLB.obj
 0003:0000a8a3       $SG21972                   00000001800258a3     m_UGsKOob1SZ1GnhcskvCSLB.obj
 0003:0000a8a4       $SG21974                   00000001800258a4     m_UGsKOob1SZ1GnhcskvCSLB.obj
 0003:0000a8a5       $SG21975                   00000001800258a5     m_UGsKOob1SZ1GnhcskvCSLB.obj
 0003:0000a8a6       $SG21977                   00000001800258a6     m_UGsKOob1SZ1GnhcskvCSLB.obj
 0003:0000a8a7       $SG21978                   00000001800258a7     m_UGsKOob1SZ1GnhcskvCSLB.obj
 0003:0000a8a8       $SG21980                   00000001800258a8     m_UGsKOob1SZ1GnhcskvCSLB.obj
 0003:0000a8a9       $SG21981                   00000001800258a9     m_UGsKOob1SZ1GnhcskvCSLB.obj
 0003:0000a8aa       $SG22058                   00000001800258aa     m_UGsKOob1SZ1GnhcskvCSLB.obj
 0003:0000a8ab       $SG22059                   00000001800258ab     m_UGsKOob1SZ1GnhcskvCSLB.obj
 0003:0000a8ac       $SG22061                   00000001800258ac     m_UGsKOob1SZ1GnhcskvCSLB.obj
 0003:0000a8ad       $SG22062                   00000001800258ad     m_UGsKOob1SZ1GnhcskvCSLB.obj
 0003:0000a8ae       $SG22064                   00000001800258ae     m_UGsKOob1SZ1GnhcskvCSLB.obj
 0003:0000a8af       $SG22065                   00000001800258af     m_UGsKOob1SZ1GnhcskvCSLB.obj
 0003:0000a8b0       $SG22067                   00000001800258b0     m_UGsKOob1SZ1GnhcskvCSLB.obj
 0003:0000a8b1       $SG22068                   00000001800258b1     m_UGsKOob1SZ1GnhcskvCSLB.obj
 0003:0000a8b2       $SG23486                   00000001800258b2     m_UGsKOob1SZ1GnhcskvCSLB.obj
 0003:0000a8b3       $SG23487                   00000001800258b3     m_UGsKOob1SZ1GnhcskvCSLB.obj
 0003:0000a8b4       $SG22390                   00000001800258b4     Quadrature_Phase_Shift_Keying_cgxe_registry.obj
 0003:0000a8b6       ?warningGuard@?1??ssGetRootSS@@9@9 00000001800258b6     Quadrature_Phase_Shift_Keying_cgxe_registry.obj
 0003:0000a8b7       ?warningGuard@?1??ssGetParentSS@@9@9 00000001800258b7     Quadrature_Phase_Shift_Keying_cgxe_registry.obj
 0003:0000a8c0       GS_ExceptionRecord         00000001800258c0     MSVCRT:gs_report.obj
 0003:0000a960       GS_ContextRecord           0000000180025960     MSVCRT:gs_report.obj
 0003:0000ae30       ?__proc_attached@@3HA      0000000180025e30     MSVCRT:dll_dllmain.obj
 0003:0000ae70       ?is_initialized_as_dll@@3_NA 0000000180025e70     MSVCRT:utility.obj
 0003:0000ae71       ?module_local_atexit_table_initialized@@3_NA 0000000180025e71     MSVCRT:utility.obj
 0003:0000ae78       ?module_local_atexit_table@@3U_onexit_table_t@@A 0000000180025e78     MSVCRT:utility.obj
 0003:0000ae90       ?module_local_at_quick_exit_table@@3U_onexit_table_t@@A 0000000180025e90     MSVCRT:utility.obj
